Command line invocation:
    /Applications/Xcode.app/Contents/Developer/usr/bin/xcodebuild build -project Echo.xcodeproj -scheme Echo -destination "platform=iOS Simulator,name=iPhone 17 Pro" -derivedDataPath /tmp/echo-dd-39

Resolve Package Graph


Resolved source packages:
  ProximaKit: https://github.com/vivekptnk/ProximaKit.git @ 1.7.0

2026-08-02 17:36:47.077 xcodebuild[81377:69164551] [MT] IDERunDestination: Supported platforms for the buildables in the current scheme is empty.
ComputePackagePrebuildTargetDependencyGraph

Prepare packages

CreateBuildRequest

SendProjectDescription

CreateBuildOperation

ComputeTargetDependencyGraph
note: Building targets in dependency order
note: Target dependency graph (3 targets)
    Target 'Echo' in project 'Echo'
        ➜ Explicit dependency on target 'ProximaKit' in project 'ProximaKit'
    Target 'ProximaKit' in project 'ProximaKit'
        ➜ Explicit dependency on target 'ProximaKit' in project 'ProximaKit'
    Target 'ProximaKit' in project 'ProximaKit' (no dependencies)

GatherProvisioningInputs

CreateBuildDescription

ExecuteExternalTool /Applications/Xcode.app/Contents/Developer/Toolchains/XcodeDefault.xctoolchain/usr/bin/clang -v -E -dM -isysroot /Applications/Xcode.app/Contents/Developer/Platforms/iPhoneSimulator.platform/Developer/SDKs/iPhoneSimulator26.5.sdk -x c -c /dev/null

ExecuteExternalTool /Applications/Xcode.app/Contents/Developer/Toolchains/XcodeDefault.xctoolchain/usr/bin/swiftc --version

ExecuteExternalTool /usr/bin/what -q /Applications/Xcode.app/Contents/Developer/Toolchains/XcodeDefault.xctoolchain/usr/bin/coremlc

ExecuteExternalTool /Applications/Xcode.app/Contents/Developer/Toolchains/XcodeDefault.xctoolchain/usr/bin/ld -version_details

ReadFileContents /Applications/Xcode.app/Contents/Developer/Toolchains/XcodeDefault.xctoolchain/usr/share/docc/features.json

ExecuteExternalTool /Applications/Xcode.app/Contents/Developer/Toolchains/XcodeDefault.xctoolchain/usr/bin/coremlc generate /Users/logansu/Documents/Dev/SwiftProjects/Echo/Echo/Resources/Models/MobileCLIP-B-lt_image.mlpackage /tmp/echo-dd-39/Build/Intermediates.noindex/Echo.build/Debug-iphonesimulator/Echo.build/DerivedSources/CoreMLGenerated/MobileCLIP-B-lt_image --dry-run yes --deployment-target 18.0 --sdkroot /Applications/Xcode.app/Contents/Developer/Platforms/iPhoneSimulator.platform/Developer/SDKs/iPhoneSimulator26.5.sdk --platform ios --output-partial-info-plist /tmp/echo-dd-39/Build/Intermediates.noindex/Echo.build/Debug-iphonesimulator/Echo.build/MobileCLIP-B-lt_image-CoreMLPartialInfo.plist --container bundle-resources --language Swift --swift-version 6.0

ExecuteExternalTool /Applications/Xcode.app/Contents/Developer/Toolchains/XcodeDefault.xctoolchain/usr/bin/coremlc generate /Users/logansu/Documents/Dev/SwiftProjects/Echo/Echo/Resources/Models/MobileCLIP-B-lt_text.mlpackage /tmp/echo-dd-39/Build/Intermediates.noindex/Echo.build/Debug-iphonesimulator/Echo.build/DerivedSources/CoreMLGenerated/MobileCLIP-B-lt_text --dry-run yes --deployment-target 18.0 --sdkroot /Applications/Xcode.app/Contents/Developer/Platforms/iPhoneSimulator.platform/Developer/SDKs/iPhoneSimulator26.5.sdk --platform ios --output-partial-info-plist /tmp/echo-dd-39/Build/Intermediates.noindex/Echo.build/Debug-iphonesimulator/Echo.build/MobileCLIP-B-lt_text-CoreMLPartialInfo.plist --container bundle-resources --language Swift --swift-version 6.0

ExecuteExternalTool /Applications/Xcode.app/Contents/Developer/Toolchains/XcodeDefault.xctoolchain/usr/bin/coremlc generate /Users/logansu/Documents/Dev/SwiftProjects/Echo/Echo/Resources/Models/MultilingualE5Small.mlpackage /tmp/echo-dd-39/Build/Intermediates.noindex/Echo.build/Debug-iphonesimulator/Echo.build/DerivedSources/CoreMLGenerated/MultilingualE5Small --dry-run yes --deployment-target 18.0 --sdkroot /Applications/Xcode.app/Contents/Developer/Platforms/iPhoneSimulator.platform/Developer/SDKs/iPhoneSimulator26.5.sdk --platform ios --output-partial-info-plist /tmp/echo-dd-39/Build/Intermediates.noindex/Echo.build/Debug-iphonesimulator/Echo.build/MultilingualE5Small-CoreMLPartialInfo.plist --container bundle-resources --language Swift --swift-version 6.0

ExecuteExternalTool /Applications/Xcode.app/Contents/Developer/usr/bin/actool --print-asset-tag-combinations --output-format xml1 /Users/logansu/Documents/Dev/SwiftProjects/Echo/Echo/Assets.xcassets

ExecuteExternalTool /Applications/Xcode.app/Contents/Developer/usr/bin/actool --version --output-format xml1

Build description signature: 27e484d904ffc9298e5f8de14f54ceab
Build description path: /tmp/echo-dd-39/Build/Intermediates.noindex/XCBuildData/27e484d904ffc9298e5f8de14f54ceab.xcbuilddata
ClangStatCache /Applications/Xcode.app/Contents/Developer/Toolchains/XcodeDefault.xctoolchain/usr/bin/clang-stat-cache /Applications/Xcode.app/Contents/Developer/Platforms/iPhoneSimulator.platform/Developer/SDKs/iPhoneSimulator26.5.sdk /tmp/echo-dd-39/SDKStatCaches.noindex/iphonesimulator26.5-23F73-6cfe768891a92b912361537c460fe42b.sdkstatcache
    cd /Users/logansu/Documents/Dev/SwiftProjects/Echo/Echo.xcodeproj
    /Applications/Xcode.app/Contents/Developer/Toolchains/XcodeDefault.xctoolchain/usr/bin/clang-stat-cache /Applications/Xcode.app/Contents/Developer/Platforms/iPhoneSimulator.platform/Developer/SDKs/iPhoneSimulator26.5.sdk -o /tmp/echo-dd-39/SDKStatCaches.noindex/iphonesimulator26.5-23F73-6cfe768891a92b912361537c460fe42b.sdkstatcache

SwiftDriver Echo normal arm64 com.apple.xcode.tools.swift.compiler (in target 'Echo' from project 'Echo')
    cd /Users/logansu/Documents/Dev/SwiftProjects/Echo
    builtin-SwiftDriver -- /Applications/Xcode.app/Contents/Developer/Toolchains/XcodeDefault.xctoolchain/usr/bin/swiftc -module-name Echo -Onone @/tmp/echo-dd-39/Build/Intermediates.noindex/Echo.build/Debug-iphonesimulator/Echo.build/Objects-normal/arm64/Echo.SwiftFileList -DDEBUG -default-isolation\=MainActor -enable-upcoming-feature MemberImportVisibility -enable-experimental-feature DebugDescriptionMacro -sdk /Applications/Xcode.app/Contents/Developer/Platforms/iPhoneSimulator.platform/Developer/SDKs/iPhoneSimulator26.5.sdk -target arm64-apple-ios18.0-simulator -g -module-cache-path /tmp/echo-dd-39/ModuleCache.noindex -Xfrontend -serialize-debugging-options -profile-coverage-mapping -profile-generate -enable-testing -index-store-path /tmp/echo-dd-39/Index.noindex/DataStore -Xcc -D_LIBCPP_HARDENING_MODE\=_LIBCPP_HARDENING_MODE_DEBUG -swift-version 6 -I /tmp/echo-dd-39/Build/Products/Debug-iphonesimulator -F /tmp/echo-dd-39/Build/Products/Debug-iphonesimulator/PackageFrameworks -F /tmp/echo-dd-39/Build/Products/Debug-iphonesimulator -emit-localized-strings -emit-localized-strings-path /tmp/echo-dd-39/Build/Intermediates.noindex/Echo.build/Debug-iphonesimulator/Echo.build/Objects-normal/arm64 -c -j8 -enable-batch-mode -incremental -Xcc -ivfsstatcache -Xcc /tmp/echo-dd-39/SDKStatCaches.noindex/iphonesimulator26.5-23F73-6cfe768891a92b912361537c460fe42b.sdkstatcache -output-file-map /tmp/echo-dd-39/Build/Intermediates.noindex/Echo.build/Debug-iphonesimulator/Echo.build/Objects-normal/arm64/Echo-OutputFileMap.json -use-frontend-parseable-output -save-temps -no-color-diagnostics -explicit-module-build -module-cache-path /tmp/echo-dd-39/Build/Intermediates.noindex/SwiftExplicitPrecompiledModules -clang-scanner-module-cache-path /tmp/echo-dd-39/ModuleCache.noindex -sdk-module-cache-path /tmp/echo-dd-39/ModuleCache.noindex -serialize-diagnostics -emit-dependencies -emit-module -emit-module-path /tmp/echo-dd-39/Build/Intermediates.noindex/Echo.build/Debug-iphonesimulator/Echo.build/Objects-normal/arm64/Echo.swiftmodule -validate-clang-modules-once -clang-build-session-file /tmp/echo-dd-39/ModuleCache.noindex/Session.modulevalidation -Xcc -I/tmp/echo-dd-39/Build/Intermediates.noindex/Echo.build/Debug-iphonesimulator/Echo.build/swift-overrides.hmap -emit-const-values -Xfrontend -const-gather-protocols-file -Xfrontend /tmp/echo-dd-39/Build/Intermediates.noindex/Echo.build/Debug-iphonesimulator/Echo.build/Objects-normal/arm64/Echo_const_extract_protocols.json -Xcc -iquote -Xcc /tmp/echo-dd-39/Build/Intermediates.noindex/Echo.build/Debug-iphonesimulator/Echo.build/Echo-generated-files.hmap -Xcc -I/tmp/echo-dd-39/Build/Intermediates.noindex/Echo.build/Debug-iphonesimulator/Echo.build/Echo-own-target-headers.hmap -Xcc -I/tmp/echo-dd-39/Build/Intermediates.noindex/Echo.build/Debug-iphonesimulator/Echo.build/Echo-all-non-framework-target-headers.hmap -Xcc -ivfsoverlay -Xcc /tmp/echo-dd-39/Build/Intermediates.noindex/Echo.build/Debug-iphonesimulator/Echo-ffb9939ae8ba03680559e8bc801c82d5-VFS-iphonesimulator/all-product-headers.yaml -Xcc -iquote -Xcc /tmp/echo-dd-39/Build/Intermediates.noindex/Echo.build/Debug-iphonesimulator/Echo.build/Echo-project-headers.hmap -Xcc -I/tmp/echo-dd-39/Build/Products/Debug-iphonesimulator/include -Xcc -I/tmp/echo-dd-39/Build/Intermediates.noindex/Echo.build/Debug-iphonesimulator/Echo.build/DerivedSources-normal/arm64 -Xcc -I/tmp/echo-dd-39/Build/Intermediates.noindex/Echo.build/Debug-iphonesimulator/Echo.build/DerivedSources/arm64 -Xcc -I/tmp/echo-dd-39/Build/Intermediates.noindex/Echo.build/Debug-iphonesimulator/Echo.build/DerivedSources -Xcc -DDEBUG\=1 -emit-objc-header -emit-objc-header-path /tmp/echo-dd-39/Build/Intermediates.noindex/Echo.build/Debug-iphonesimulator/Echo.build/Objects-normal/arm64/Echo-Swift.h -working-directory /Users/logansu/Documents/Dev/SwiftProjects/Echo -experimental-emit-module-separately -disable-cmo

SwiftCompile normal arm64 Compiling\ CreationView.swift /Users/logansu/Documents/Dev/SwiftProjects/Echo/Echo/UI/Views/CreationView.swift (in target 'Echo' from project 'Echo')

SwiftCompile normal arm64 /Users/logansu/Documents/Dev/SwiftProjects/Echo/Echo/UI/Views/CreationView.swift (in target 'Echo' from project 'Echo')
    cd /Users/logansu/Documents/Dev/SwiftProjects/Echo
    

SwiftEmitModule normal arm64 Emitting\ module\ for\ Echo (in target 'Echo' from project 'Echo')
EmitSwiftModule normal arm64 (in target 'Echo' from project 'Echo')
    cd /Users/logansu/Documents/Dev/SwiftProjects/Echo
    

SwiftCompile normal arm64 Compiling\ MemoryDetailView.swift /Users/logansu/Documents/Dev/SwiftProjects/Echo/Echo/UI/Views/MemoryDetailView.swift (in target 'Echo' from project 'Echo')
SwiftCompile normal arm64 /Users/logansu/Documents/Dev/SwiftProjects/Echo/Echo/UI/Views/MemoryDetailView.swift (in target 'Echo' from project 'Echo')
    cd /Users/logansu/Documents/Dev/SwiftProjects/Echo
    

SwiftDriverJobDiscovery normal arm64 Compiling CreationView.swift (in target 'Echo' from project 'Echo')

SwiftDriverJobDiscovery normal arm64 Emitting module for Echo (in target 'Echo' from project 'Echo')

SwiftDriver\ Compilation\ Requirements Echo normal arm64 com.apple.xcode.tools.swift.compiler (in target 'Echo' from project 'Echo')
    cd /Users/logansu/Documents/Dev/SwiftProjects/Echo
    builtin-Swift-Compilation-Requirements -- /Applications/Xcode.app/Contents/Developer/Toolchains/XcodeDefault.xctoolchain/usr/bin/swiftc -module-name Echo -Onone @/tmp/echo-dd-39/Build/Intermediates.noindex/Echo.build/Debug-iphonesimulator/Echo.build/Objects-normal/arm64/Echo.SwiftFileList -DDEBUG -default-isolation\=MainActor -enable-upcoming-feature MemberImportVisibility -enable-experimental-feature DebugDescriptionMacro -sdk /Applications/Xcode.app/Contents/Developer/Platforms/iPhoneSimulator.platform/Developer/SDKs/iPhoneSimulator26.5.sdk -target arm64-apple-ios18.0-simulator -g -module-cache-path /tmp/echo-dd-39/ModuleCache.noindex -Xfrontend -serialize-debugging-options -profile-coverage-mapping -profile-generate -enable-testing -index-store-path /tmp/echo-dd-39/Index.noindex/DataStore -Xcc -D_LIBCPP_HARDENING_MODE\=_LIBCPP_HARDENING_MODE_DEBUG -swift-version 6 -I /tmp/echo-dd-39/Build/Products/Debug-iphonesimulator -F /tmp/echo-dd-39/Build/Products/Debug-iphonesimulator/PackageFrameworks -F /tmp/echo-dd-39/Build/Products/Debug-iphonesimulator -emit-localized-strings -emit-localized-strings-path /tmp/echo-dd-39/Build/Intermediates.noindex/Echo.build/Debug-iphonesimulator/Echo.build/Objects-normal/arm64 -c -j8 -enable-batch-mode -incremental -Xcc -ivfsstatcache -Xcc /tmp/echo-dd-39/SDKStatCaches.noindex/iphonesimulator26.5-23F73-6cfe768891a92b912361537c460fe42b.sdkstatcache -output-file-map /tmp/echo-dd-39/Build/Intermediates.noindex/Echo.build/Debug-iphonesimulator/Echo.build/Objects-normal/arm64/Echo-OutputFileMap.json -use-frontend-parseable-output -save-temps -no-color-diagnostics -explicit-module-build -module-cache-path /tmp/echo-dd-39/Build/Intermediates.noindex/SwiftExplicitPrecompiledModules -clang-scanner-module-cache-path /tmp/echo-dd-39/ModuleCache.noindex -sdk-module-cache-path /tmp/echo-dd-39/ModuleCache.noindex -serialize-diagnostics -emit-dependencies -emit-module -emit-module-path /tmp/echo-dd-39/Build/Intermediates.noindex/Echo.build/Debug-iphonesimulator/Echo.build/Objects-normal/arm64/Echo.swiftmodule -validate-clang-modules-once -clang-build-session-file /tmp/echo-dd-39/ModuleCache.noindex/Session.modulevalidation -Xcc -I/tmp/echo-dd-39/Build/Intermediates.noindex/Echo.build/Debug-iphonesimulator/Echo.build/swift-overrides.hmap -emit-const-values -Xfrontend -const-gather-protocols-file -Xfrontend /tmp/echo-dd-39/Build/Intermediates.noindex/Echo.build/Debug-iphonesimulator/Echo.build/Objects-normal/arm64/Echo_const_extract_protocols.json -Xcc -iquote -Xcc /tmp/echo-dd-39/Build/Intermediates.noindex/Echo.build/Debug-iphonesimulator/Echo.build/Echo-generated-files.hmap -Xcc -I/tmp/echo-dd-39/Build/Intermediates.noindex/Echo.build/Debug-iphonesimulator/Echo.build/Echo-own-target-headers.hmap -Xcc -I/tmp/echo-dd-39/Build/Intermediates.noindex/Echo.build/Debug-iphonesimulator/Echo.build/Echo-all-non-framework-target-headers.hmap -Xcc -ivfsoverlay -Xcc /tmp/echo-dd-39/Build/Intermediates.noindex/Echo.build/Debug-iphonesimulator/Echo-ffb9939ae8ba03680559e8bc801c82d5-VFS-iphonesimulator/all-product-headers.yaml -Xcc -iquote -Xcc /tmp/echo-dd-39/Build/Intermediates.noindex/Echo.build/Debug-iphonesimulator/Echo.build/Echo-project-headers.hmap -Xcc -I/tmp/echo-dd-39/Build/Products/Debug-iphonesimulator/include -Xcc -I/tmp/echo-dd-39/Build/Intermediates.noindex/Echo.build/Debug-iphonesimulator/Echo.build/DerivedSources-normal/arm64 -Xcc -I/tmp/echo-dd-39/Build/Intermediates.noindex/Echo.build/Debug-iphonesimulator/Echo.build/DerivedSources/arm64 -Xcc -I/tmp/echo-dd-39/Build/Intermediates.noindex/Echo.build/Debug-iphonesimulator/Echo.build/DerivedSources -Xcc -DDEBUG\=1 -emit-objc-header -emit-objc-header-path /tmp/echo-dd-39/Build/Intermediates.noindex/Echo.build/Debug-iphonesimulator/Echo.build/Objects-normal/arm64/Echo-Swift.h -working-directory /Users/logansu/Documents/Dev/SwiftProjects/Echo -experimental-emit-module-separately -disable-cmo

Copy /tmp/echo-dd-39/Build/Products/Debug-iphonesimulator/Echo.swiftmodule/arm64-apple-ios-simulator.swiftmodule /tmp/echo-dd-39/Build/Intermediates.noindex/Echo.build/Debug-iphonesimulator/Echo.build/Objects-normal/arm64/Echo.swiftmodule (in target 'Echo' from project 'Echo')
    cd /Users/logansu/Documents/Dev/SwiftProjects/Echo
    builtin-copy -exclude .DS_Store -exclude CVS -exclude .svn -exclude .git -exclude .hg -resolve-src-symlinks -rename /tmp/echo-dd-39/Build/Intermediates.noindex/Echo.build/Debug-iphonesimulator/Echo.build/Objects-normal/arm64/Echo.swiftmodule /tmp/echo-dd-39/Build/Products/Debug-iphonesimulator/Echo.swiftmodule/arm64-apple-ios-simulator.swiftmodule

Copy /tmp/echo-dd-39/Build/Products/Debug-iphonesimulator/Echo.swiftmodule/arm64-apple-ios-simulator.swiftdoc /tmp/echo-dd-39/Build/Intermediates.noindex/Echo.build/Debug-iphonesimulator/Echo.build/Objects-normal/arm64/Echo.swiftdoc (in target 'Echo' from project 'Echo')
    cd /Users/logansu/Documents/Dev/SwiftProjects/Echo
    builtin-copy -exclude .DS_Store -exclude CVS -exclude .svn -exclude .git -exclude .hg -resolve-src-symlinks -rename /tmp/echo-dd-39/Build/Intermediates.noindex/Echo.build/Debug-iphonesimulator/Echo.build/Objects-normal/arm64/Echo.swiftdoc /tmp/echo-dd-39/Build/Products/Debug-iphonesimulator/Echo.swiftmodule/arm64-apple-ios-simulator.swiftdoc

Copy /tmp/echo-dd-39/Build/Products/Debug-iphonesimulator/Echo.swiftmodule/arm64-apple-ios-simulator.abi.json /tmp/echo-dd-39/Build/Intermediates.noindex/Echo.build/Debug-iphonesimulator/Echo.build/Objects-normal/arm64/Echo.abi.json (in target 'Echo' from project 'Echo')
    cd /Users/logansu/Documents/Dev/SwiftProjects/Echo
    builtin-copy -exclude .DS_Store -exclude CVS -exclude .svn -exclude .git -exclude .hg -resolve-src-symlinks -rename /tmp/echo-dd-39/Build/Intermediates.noindex/Echo.build/Debug-iphonesimulator/Echo.build/Objects-normal/arm64/Echo.abi.json /tmp/echo-dd-39/Build/Products/Debug-iphonesimulator/Echo.swiftmodule/arm64-apple-ios-simulator.abi.json

Copy /tmp/echo-dd-39/Build/Products/Debug-iphonesimulator/Echo.swiftmodule/Project/arm64-apple-ios-simulator.swiftsourceinfo /tmp/echo-dd-39/Build/Intermediates.noindex/Echo.build/Debug-iphonesimulator/Echo.build/Objects-normal/arm64/Echo.swiftsourceinfo (in target 'Echo' from project 'Echo')
    cd /Users/logansu/Documents/Dev/SwiftProjects/Echo
    builtin-copy -exclude .DS_Store -exclude CVS -exclude .svn -exclude .git -exclude .hg -resolve-src-symlinks -rename /tmp/echo-dd-39/Build/Intermediates.noindex/Echo.build/Debug-iphonesimulator/Echo.build/Objects-normal/arm64/Echo.swiftsourceinfo /tmp/echo-dd-39/Build/Products/Debug-iphonesimulator/Echo.swiftmodule/Project/arm64-apple-ios-simulator.swiftsourceinfo

SwiftDriverJobDiscovery normal arm64 Compiling MemoryDetailView.swift (in target 'Echo' from project 'Echo')

SwiftCompile normal arm64 Compiling\ HomeView.swift /Users/logansu/Documents/Dev/SwiftProjects/Echo/Echo/UI/Views/HomeView.swift (in target 'Echo' from project 'Echo')

SwiftCompile normal arm64 /Users/logansu/Documents/Dev/SwiftProjects/Echo/Echo/UI/Views/HomeView.swift (in target 'Echo' from project 'Echo')
    cd /Users/logansu/Documents/Dev/SwiftProjects/Echo
    

SwiftCompile normal arm64 Compiling\ SearchView.swift /Users/logansu/Documents/Dev/SwiftProjects/Echo/Echo/UI/Views/SearchView.swift (in target 'Echo' from project 'Echo')
SwiftCompile normal arm64 /Users/logansu/Documents/Dev/SwiftProjects/Echo/Echo/UI/Views/SearchView.swift (in target 'Echo' from project 'Echo')
    cd /Users/logansu/Documents/Dev/SwiftProjects/Echo
    

SwiftCompile normal arm64 Compiling\ BackgroundTaskPanelView.swift /Users/logansu/Documents/Dev/SwiftProjects/Echo/Echo/UI/Views/BackgroundTaskPanelView.swift (in target 'Echo' from project 'Echo')

SwiftCompile normal arm64 /Users/logansu/Documents/Dev/SwiftProjects/Echo/Echo/UI/Views/BackgroundTaskPanelView.swift (in target 'Echo' from project 'Echo')
    cd /Users/logansu/Documents/Dev/SwiftProjects/Echo
    

SwiftCompile normal arm64 Compiling\ AppRootView.swift /Users/logansu/Documents/Dev/SwiftProjects/Echo/Echo/UI/Views/AppRootView.swift (in target 'Echo' from project 'Echo')

SwiftCompile normal arm64 /Users/logansu/Documents/Dev/SwiftProjects/Echo/Echo/UI/Views/AppRootView.swift (in target 'Echo' from project 'Echo')
    cd /Users/logansu/Documents/Dev/SwiftProjects/Echo
    

SwiftCompile normal arm64 Compiling\ ResumeProgressPromptView.swift /Users/logansu/Documents/Dev/SwiftProjects/Echo/Echo/UI/Views/ResumeProgressPromptView.swift (in target 'Echo' from project 'Echo')

SwiftCompile normal arm64 /Users/logansu/Documents/Dev/SwiftProjects/Echo/Echo/UI/Views/ResumeProgressPromptView.swift (in target 'Echo' from project 'Echo')
    cd /Users/logansu/Documents/Dev/SwiftProjects/Echo
    

SwiftCompile normal arm64 Compiling\ DegradationBannerView.swift /Users/logansu/Documents/Dev/SwiftProjects/Echo/Echo/UI/Views/DegradationBannerView.swift (in target 'Echo' from project 'Echo')

SwiftCompile normal arm64 /Users/logansu/Documents/Dev/SwiftProjects/Echo/Echo/UI/Views/DegradationBannerView.swift (in target 'Echo' from project 'Echo')
    cd /Users/logansu/Documents/Dev/SwiftProjects/Echo
    

SwiftCompile normal arm64 Compiling\ ContentView.swift /Users/logansu/Documents/Dev/SwiftProjects/Echo/Echo/UI/Views/ContentView.swift (in target 'Echo' from project 'Echo')

SwiftCompile normal arm64 /Users/logansu/Documents/Dev/SwiftProjects/Echo/Echo/UI/Views/ContentView.swift (in target 'Echo' from project 'Echo')
    cd /Users/logansu/Documents/Dev/SwiftProjects/Echo
    

SwiftCompile normal arm64 Compiling\ SettingsView.swift /Users/logansu/Documents/Dev/SwiftProjects/Echo/Echo/UI/Views/SettingsView.swift (in target 'Echo' from project 'Echo')

SwiftCompile normal arm64 /Users/logansu/Documents/Dev/SwiftProjects/Echo/Echo/UI/Views/SettingsView.swift (in target 'Echo' from project 'Echo')
    cd /Users/logansu/Documents/Dev/SwiftProjects/Echo
    

SwiftDriverJobDiscovery normal arm64 Compiling ContentView.swift (in target 'Echo' from project 'Echo')

SwiftDriverJobDiscovery normal arm64 Compiling ResumeProgressPromptView.swift (in target 'Echo' from project 'Echo')

SwiftDriverJobDiscovery normal arm64 Compiling DegradationBannerView.swift (in target 'Echo' from project 'Echo')

SwiftDriverJobDiscovery normal arm64 Compiling AppRootView.swift (in target 'Echo' from project 'Echo')

SwiftDriverJobDiscovery normal arm64 Compiling BackgroundTaskPanelView.swift (in target 'Echo' from project 'Echo')

SwiftDriverJobDiscovery normal arm64 Compiling SettingsView.swift (in target 'Echo' from project 'Echo')

SwiftDriverJobDiscovery normal arm64 Compiling HomeView.swift (in target 'Echo' from project 'Echo')

SwiftDriverJobDiscovery normal arm64 Compiling SearchView.swift (in target 'Echo' from project 'Echo')

SwiftDriver\ Compilation Echo normal arm64 com.apple.xcode.tools.swift.compiler (in target 'Echo' from project 'Echo')
    cd /Users/logansu/Documents/Dev/SwiftProjects/Echo
    builtin-Swift-Compilation -- /Applications/Xcode.app/Contents/Developer/Toolchains/XcodeDefault.xctoolchain/usr/bin/swiftc -module-name Echo -Onone @/tmp/echo-dd-39/Build/Intermediates.noindex/Echo.build/Debug-iphonesimulator/Echo.build/Objects-normal/arm64/Echo.SwiftFileList -DDEBUG -default-isolation\=MainActor -enable-upcoming-feature MemberImportVisibility -enable-experimental-feature DebugDescriptionMacro -sdk /Applications/Xcode.app/Contents/Developer/Platforms/iPhoneSimulator.platform/Developer/SDKs/iPhoneSimulator26.5.sdk -target arm64-apple-ios18.0-simulator -g -module-cache-path /tmp/echo-dd-39/ModuleCache.noindex -Xfrontend -serialize-debugging-options -profile-coverage-mapping -profile-generate -enable-testing -index-store-path /tmp/echo-dd-39/Index.noindex/DataStore -Xcc -D_LIBCPP_HARDENING_MODE\=_LIBCPP_HARDENING_MODE_DEBUG -swift-version 6 -I /tmp/echo-dd-39/Build/Products/Debug-iphonesimulator -F /tmp/echo-dd-39/Build/Products/Debug-iphonesimulator/PackageFrameworks -F /tmp/echo-dd-39/Build/Products/Debug-iphonesimulator -emit-localized-strings -emit-localized-strings-path /tmp/echo-dd-39/Build/Intermediates.noindex/Echo.build/Debug-iphonesimulator/Echo.build/Objects-normal/arm64 -c -j8 -enable-batch-mode -incremental -Xcc -ivfsstatcache -Xcc /tmp/echo-dd-39/SDKStatCaches.noindex/iphonesimulator26.5-23F73-6cfe768891a92b912361537c460fe42b.sdkstatcache -output-file-map /tmp/echo-dd-39/Build/Intermediates.noindex/Echo.build/Debug-iphonesimulator/Echo.build/Objects-normal/arm64/Echo-OutputFileMap.json -use-frontend-parseable-output -save-temps -no-color-diagnostics -explicit-module-build -module-cache-path /tmp/echo-dd-39/Build/Intermediates.noindex/SwiftExplicitPrecompiledModules -clang-scanner-module-cache-path /tmp/echo-dd-39/ModuleCache.noindex -sdk-module-cache-path /tmp/echo-dd-39/ModuleCache.noindex -serialize-diagnostics -emit-dependencies -emit-module -emit-module-path /tmp/echo-dd-39/Build/Intermediates.noindex/Echo.build/Debug-iphonesimulator/Echo.build/Objects-normal/arm64/Echo.swiftmodule -validate-clang-modules-once -clang-build-session-file /tmp/echo-dd-39/ModuleCache.noindex/Session.modulevalidation -Xcc -I/tmp/echo-dd-39/Build/Intermediates.noindex/Echo.build/Debug-iphonesimulator/Echo.build/swift-overrides.hmap -emit-const-values -Xfrontend -const-gather-protocols-file -Xfrontend /tmp/echo-dd-39/Build/Intermediates.noindex/Echo.build/Debug-iphonesimulator/Echo.build/Objects-normal/arm64/Echo_const_extract_protocols.json -Xcc -iquote -Xcc /tmp/echo-dd-39/Build/Intermediates.noindex/Echo.build/Debug-iphonesimulator/Echo.build/Echo-generated-files.hmap -Xcc -I/tmp/echo-dd-39/Build/Intermediates.noindex/Echo.build/Debug-iphonesimulator/Echo.build/Echo-own-target-headers.hmap -Xcc -I/tmp/echo-dd-39/Build/Intermediates.noindex/Echo.build/Debug-iphonesimulator/Echo.build/Echo-all-non-framework-target-headers.hmap -Xcc -ivfsoverlay -Xcc /tmp/echo-dd-39/Build/Intermediates.noindex/Echo.build/Debug-iphonesimulator/Echo-ffb9939ae8ba03680559e8bc801c82d5-VFS-iphonesimulator/all-product-headers.yaml -Xcc -iquote -Xcc /tmp/echo-dd-39/Build/Intermediates.noindex/Echo.build/Debug-iphonesimulator/Echo.build/Echo-project-headers.hmap -Xcc -I/tmp/echo-dd-39/Build/Products/Debug-iphonesimulator/include -Xcc -I/tmp/echo-dd-39/Build/Intermediates.noindex/Echo.build/Debug-iphonesimulator/Echo.build/DerivedSources-normal/arm64 -Xcc -I/tmp/echo-dd-39/Build/Intermediates.noindex/Echo.build/Debug-iphonesimulator/Echo.build/DerivedSources/arm64 -Xcc -I/tmp/echo-dd-39/Build/Intermediates.noindex/Echo.build/Debug-iphonesimulator/Echo.build/DerivedSources -Xcc -DDEBUG\=1 -emit-objc-header -emit-objc-header-path /tmp/echo-dd-39/Build/Intermediates.noindex/Echo.build/Debug-iphonesimulator/Echo.build/Objects-normal/arm64/Echo-Swift.h -working-directory /Users/logansu/Documents/Dev/SwiftProjects/Echo -experimental-emit-module-separately -disable-cmo

Ld /tmp/echo-dd-39/Build/Products/Debug-iphonesimulator/Echo.app/Echo.debug.dylib normal (in target 'Echo' from project 'Echo')
    cd /Users/logansu/Documents/Dev/SwiftProjects/Echo
    /Applications/Xcode.app/Contents/Developer/Toolchains/XcodeDefault.xctoolchain/usr/bin/clang -Xlinker -reproducible -target arm64-apple-ios18.0-simulator -dynamiclib -isysroot /Applications/Xcode.app/Contents/Developer/Platforms/iPhoneSimulator.platform/Developer/SDKs/iPhoneSimulator26.5.sdk -O0 -L/tmp/echo-dd-39/Build/Intermediates.noindex/EagerLinkingTBDs/Debug-iphonesimulator -L/tmp/echo-dd-39/Build/Products/Debug-iphonesimulator -F/tmp/echo-dd-39/Build/Intermediates.noindex/EagerLinkingTBDs/Debug-iphonesimulator -F/tmp/echo-dd-39/Build/Products/Debug-iphonesimulator/PackageFrameworks -F/tmp/echo-dd-39/Build/Products/Debug-iphonesimulator -filelist /tmp/echo-dd-39/Build/Intermediates.noindex/Echo.build/Debug-iphonesimulator/Echo.build/Objects-normal/arm64/Echo.LinkFileList -install_name @rpath/Echo.debug.dylib -Xlinker -rpath -Xlinker /usr/lib/swift -Xlinker -rpath -Xlinker /tmp/echo-dd-39/Build/Products/Debug-iphonesimulator/PackageFrameworks -Xlinker -rpath -Xlinker @executable_path/Frameworks -Xlinker -dead_strip -Xlinker -object_path_lto -Xlinker /tmp/echo-dd-39/Build/Intermediates.noindex/Echo.build/Debug-iphonesimulator/Echo.build/Objects-normal/arm64/Echo_lto.o -rdynamic -Xlinker -no_deduplicate -Xlinker -objc_abi_version -Xlinker 2 -Xlinker -debug_variant -Xlinker -dependency_info -Xlinker /tmp/echo-dd-39/Build/Intermediates.noindex/Echo.build/Debug-iphonesimulator/Echo.build/Objects-normal/arm64/Echo_dependency_info.dat -fobjc-link-runtime -fprofile-instr-generate -L/Applications/Xcode.app/Contents/Developer/Toolchains/XcodeDefault.xctoolchain/usr/lib/swift/iphonesimulator -L/usr/lib/swift -Xlinker -add_ast_path -Xlinker /tmp/echo-dd-39/Build/Intermediates.noindex/Echo.build/Debug-iphonesimulator/Echo.build/Objects-normal/arm64/Echo.swiftmodule @/tmp/echo-dd-39/Build/Intermediates.noindex/Echo.build/Debug-iphonesimulator/Echo.build/Objects-normal/arm64/Echo-linker-args.resp -Wl,-no_warn_duplicate_libraries -Xlinker -alias -Xlinker _main -Xlinker ___debug_main_executable_dylib_entry_point -Xlinker -no_adhoc_codesign -o /tmp/echo-dd-39/Build/Products/Debug-iphonesimulator/Echo.app/Echo.debug.dylib -Xlinker -add_ast_path -Xlinker /tmp/echo-dd-39/Build/Intermediates.noindex/ProximaKit.build/Debug-iphonesimulator/ProximaKit.build/Objects-normal/arm64/ProximaKit.swiftmodule @/tmp/echo-dd-39/Build/Intermediates.noindex/ProximaKit.build/Debug-iphonesimulator/ProximaKit.build/Objects-normal/arm64/ProximaKit-linker-args.resp

ConstructStubExecutorLinkFileList /tmp/echo-dd-39/Build/Intermediates.noindex/Echo.build/Debug-iphonesimulator/Echo.build/Echo-ExecutorLinkFileList-normal-arm64.txt (in target 'Echo' from project 'Echo')
    cd /Users/logansu/Documents/Dev/SwiftProjects/Echo
    construct-stub-executor-link-file-list /tmp/echo-dd-39/Build/Products/Debug-iphonesimulator/Echo.app/Echo.debug.dylib /Applications/Xcode.app/Contents/Developer/Platforms/iPhoneSimulator.platform/Developer/usr/lib/libPreviewsJITStubExecutor_no_swift_entry_point.a /Applications/Xcode.app/Contents/Developer/Platforms/iPhoneSimulator.platform/Developer/usr/lib/libPreviewsJITStubExecutor.a --output /tmp/echo-dd-39/Build/Intermediates.noindex/Echo.build/Debug-iphonesimulator/Echo.build/Echo-ExecutorLinkFileList-normal-arm64.txt
note: Using stub executor library with Swift entry point. (in target 'Echo' from project 'Echo')

Ld /tmp/echo-dd-39/Build/Products/Debug-iphonesimulator/Echo.app/Echo normal (in target 'Echo' from project 'Echo')
    cd /Users/logansu/Documents/Dev/SwiftProjects/Echo
    /Applications/Xcode.app/Contents/Developer/Toolchains/XcodeDefault.xctoolchain/usr/bin/clang -Xlinker -reproducible -target arm64-apple-ios18.0-simulator -isysroot /Applications/Xcode.app/Contents/Developer/Platforms/iPhoneSimulator.platform/Developer/SDKs/iPhoneSimulator26.5.sdk -O0 -L/tmp/echo-dd-39/Build/Products/Debug-iphonesimulator -F/tmp/echo-dd-39/Build/Products/Debug-iphonesimulator/PackageFrameworks -F/tmp/echo-dd-39/Build/Products/Debug-iphonesimulator -Xlinker -rpath -Xlinker @executable_path -Xlinker -rpath -Xlinker /tmp/echo-dd-39/Build/Products/Debug-iphonesimulator/PackageFrameworks -Xlinker -rpath -Xlinker @executable_path/Frameworks -rdynamic -Xlinker -no_deduplicate -Xlinker -objc_abi_version -Xlinker 2 -Xlinker -debug_variant -e ___debug_blank_executor_main -Xlinker -sectcreate -Xlinker __TEXT -Xlinker __debug_dylib -Xlinker /tmp/echo-dd-39/Build/Intermediates.noindex/Echo.build/Debug-iphonesimulator/Echo.build/Echo-DebugDylibPath-normal-arm64.txt -Xlinker -sectcreate -Xlinker __TEXT -Xlinker __debug_instlnm -Xlinker /tmp/echo-dd-39/Build/Intermediates.noindex/Echo.build/Debug-iphonesimulator/Echo.build/Echo-DebugDylibInstallName-normal-arm64.txt -Xlinker -filelist -Xlinker /tmp/echo-dd-39/Build/Intermediates.noindex/Echo.build/Debug-iphonesimulator/Echo.build/Echo-ExecutorLinkFileList-normal-arm64.txt -Xlinker -sectcreate -Xlinker __TEXT -Xlinker __entitlements -Xlinker /tmp/echo-dd-39/Build/Intermediates.noindex/Echo.build/Debug-iphonesimulator/Echo.build/Echo.app-Simulated.xcent -Xlinker -sectcreate -Xlinker __TEXT -Xlinker __ents_der -Xlinker /tmp/echo-dd-39/Build/Intermediates.noindex/Echo.build/Debug-iphonesimulator/Echo.build/Echo.app-Simulated.xcent.der /tmp/echo-dd-39/Build/Products/Debug-iphonesimulator/Echo.app/Echo.debug.dylib -Xlinker -no_adhoc_codesign -o /tmp/echo-dd-39/Build/Products/Debug-iphonesimulator/Echo.app/Echo

ExtractAppIntentsMetadata (in target 'Echo' from project 'Echo')
    cd /Users/logansu/Documents/Dev/SwiftProjects/Echo
    /Applications/Xcode.app/Contents/Developer/Toolchains/XcodeDefault.xctoolchain/usr/bin/appintentsmetadataprocessor --toolchain-dir /Applications/Xcode.app/Contents/Developer/Toolchains/XcodeDefault.xctoolchain --module-name Echo --sdk-root /Applications/Xcode.app/Contents/Developer/Platforms/iPhoneSimulator.platform/Developer/SDKs/iPhoneSimulator26.5.sdk --xcode-version 17F42 --platform-family iOS --deployment-target 18.0 --bundle-identifier com.echo.Echo --output /tmp/echo-dd-39/Build/Products/Debug-iphonesimulator/Echo.app --target-triple arm64-apple-ios18.0-simulator --binary-file /tmp/echo-dd-39/Build/Products/Debug-iphonesimulator/Echo.app/Echo --dependency-file /tmp/echo-dd-39/Build/Intermediates.noindex/Echo.build/Debug-iphonesimulator/Echo.build/Objects-normal/arm64/Echo_dependency_info.dat --stringsdata-file /tmp/echo-dd-39/Build/Intermediates.noindex/Echo.build/Debug-iphonesimulator/Echo.build/Objects-normal/arm64/ExtractedAppShortcutsMetadata.stringsdata --source-file-list /tmp/echo-dd-39/Build/Intermediates.noindex/Echo.build/Debug-iphonesimulator/Echo.build/Objects-normal/arm64/Echo.SwiftFileList --metadata-file-list /tmp/echo-dd-39/Build/Intermediates.noindex/Echo.build/Debug-iphonesimulator/Echo.build/Echo.DependencyMetadataFileList --static-metadata-file-list /tmp/echo-dd-39/Build/Intermediates.noindex/Echo.build/Debug-iphonesimulator/Echo.build/Echo.DependencyStaticMetadataFileList --swift-const-vals-list /tmp/echo-dd-39/Build/Intermediates.noindex/Echo.build/Debug-iphonesimulator/Echo.build/Objects-normal/arm64/Echo.SwiftConstValuesFileList --compile-time-extraction --deployment-aware-processing --validate-assistant-intents --no-app-shortcuts-localization
2026-08-02 17:36:52.266 appintentsmetadataprocessor[81468:69164923] Starting appintentsmetadataprocessor export
2026-08-02 17:36:52.267 appintentsmetadataprocessor[81468:69164923] warning: Metadata extraction skipped. No AppIntents.framework dependency found.

CopySwiftLibs /tmp/echo-dd-39/Build/Products/Debug-iphonesimulator/Echo.app (in target 'Echo' from project 'Echo')
    cd /Users/logansu/Documents/Dev/SwiftProjects/Echo
    builtin-swiftStdLibTool --copy --verbose --sign - --scan-executable /tmp/echo-dd-39/Build/Products/Debug-iphonesimulator/Echo.app/Echo.debug.dylib --scan-folder /tmp/echo-dd-39/Build/Products/Debug-iphonesimulator/Echo.app/Frameworks --scan-folder /tmp/echo-dd-39/Build/Products/Debug-iphonesimulator/Echo.app/PlugIns --scan-folder /tmp/echo-dd-39/Build/Products/Debug-iphonesimulator/Echo.app/SystemExtensions --scan-folder /tmp/echo-dd-39/Build/Products/Debug-iphonesimulator/Echo.app/Extensions --platform iphonesimulator --toolchain /Applications/Xcode.app/Contents/Developer/Toolchains/XcodeDefault.xctoolchain --destination /tmp/echo-dd-39/Build/Products/Debug-iphonesimulator/Echo.app/Frameworks --strip-bitcode --strip-bitcode-tool /Applications/Xcode.app/Contents/Developer/Toolchains/XcodeDefault.xctoolchain/usr/bin/bitcode_strip --emit-dependency-info /tmp/echo-dd-39/Build/Intermediates.noindex/Echo.build/Debug-iphonesimulator/Echo.build/SwiftStdLibToolInputDependencies.dep --filter-for-swift-os

ProcessInfoPlistFile /tmp/echo-dd-39/Build/Products/Debug-iphonesimulator/Echo.app/Info.plist /tmp/echo-dd-39/Build/Intermediates.noindex/Echo.build/Debug-iphonesimulator/Echo.build/empty-Echo.plist (in target 'Echo' from project 'Echo')
    cd /Users/logansu/Documents/Dev/SwiftProjects/Echo
    builtin-infoPlistUtility /tmp/echo-dd-39/Build/Intermediates.noindex/Echo.build/Debug-iphonesimulator/Echo.build/empty-Echo.plist -producttype com.apple.product-type.application -genpkginfo /tmp/echo-dd-39/Build/Products/Debug-iphonesimulator/Echo.app/PkgInfo -expandbuildsettings -format binary -platform iphonesimulator -additionalcontentfile /tmp/echo-dd-39/Build/Intermediates.noindex/Echo.build/Debug-iphonesimulator/Echo.build/MobileCLIP-B-lt_image-CoreMLPartialInfo.plist -additionalcontentfile /tmp/echo-dd-39/Build/Intermediates.noindex/Echo.build/Debug-iphonesimulator/Echo.build/MobileCLIP-B-lt_text-CoreMLPartialInfo.plist -additionalcontentfile /tmp/echo-dd-39/Build/Intermediates.noindex/Echo.build/Debug-iphonesimulator/Echo.build/MultilingualE5Small-CoreMLPartialInfo.plist -additionalcontentfile /tmp/echo-dd-39/Build/Intermediates.noindex/Echo.build/Debug-iphonesimulator/Echo.build/assetcatalog_generated_info.plist -o /tmp/echo-dd-39/Build/Products/Debug-iphonesimulator/Echo.app/Info.plist

CodeSign /tmp/echo-dd-39/Build/Products/Debug-iphonesimulator/Echo.app/Echo.debug.dylib (in target 'Echo' from project 'Echo')
    cd /Users/logansu/Documents/Dev/SwiftProjects/Echo
    
    Signing Identity:     "Sign to Run Locally"
    
    /usr/bin/codesign --force --sign - --timestamp\=none --generate-entitlement-der /tmp/echo-dd-39/Build/Products/Debug-iphonesimulator/Echo.app/Echo.debug.dylib

CodeSign /tmp/echo-dd-39/Build/Products/Debug-iphonesimulator/Echo.app/__preview.dylib (in target 'Echo' from project 'Echo')
    cd /Users/logansu/Documents/Dev/SwiftProjects/Echo
    
    Signing Identity:     "Sign to Run Locally"
    
    /usr/bin/codesign --force --sign - --timestamp\=none --generate-entitlement-der /tmp/echo-dd-39/Build/Products/Debug-iphonesimulator/Echo.app/__preview.dylib
/tmp/echo-dd-39/Build/Products/Debug-iphonesimulator/Echo.app/__preview.dylib: replacing existing signature

CodeSign /tmp/echo-dd-39/Build/Products/Debug-iphonesimulator/Echo.app (in target 'Echo' from project 'Echo')
    cd /Users/logansu/Documents/Dev/SwiftProjects/Echo
    
    Signing Identity:     "Sign to Run Locally"
    
    /usr/bin/codesign --force --sign - --timestamp\=none --generate-entitlement-der /tmp/echo-dd-39/Build/Products/Debug-iphonesimulator/Echo.app

Validate /tmp/echo-dd-39/Build/Products/Debug-iphonesimulator/Echo.app (in target 'Echo' from project 'Echo')
    cd /Users/logansu/Documents/Dev/SwiftProjects/Echo
    builtin-validationUtility /tmp/echo-dd-39/Build/Products/Debug-iphonesimulator/Echo.app -shallow-bundle -infoplist-subpath Info.plist

** BUILD SUCCEEDED **

