Command line invocation:
    /Applications/Xcode.app/Contents/Developer/usr/bin/xcodebuild build -project Echo.xcodeproj -scheme Echo -destination "platform=iOS Simulator,name=iPhone 17 Pro" -derivedDataPath /tmp/echo-3.3-dd

Resolve Package Graph


Resolved source packages:
  ProximaKit: https://github.com/vivekptnk/ProximaKit.git @ 1.7.0

2026-08-01 23:38:39.488 xcodebuild[63961:67119552] [MT] IDERunDestination: Supported platforms for the buildables in the current scheme is empty.
ComputePackagePrebuildTargetDependencyGraph

Prepare packages

CreateBuildRequest

SendProjectDescription

CreateBuildOperation

ComputeTargetDependencyGraph
note: Building targets in dependency order
note: Target dependency graph (3 targets)
    Target 'Echo' in project 'Echo'
        ➜ Explicit dependency on target 'ProximaKit' in project 'ProximaKit'
    Target 'ProximaKit' in project 'ProximaKit'
        ➜ Explicit dependency on target 'ProximaKit' in project 'ProximaKit'
    Target 'ProximaKit' in project 'ProximaKit' (no dependencies)

GatherProvisioningInputs

CreateBuildDescription

ExecuteExternalTool /Applications/Xcode.app/Contents/Developer/Toolchains/XcodeDefault.xctoolchain/usr/bin/clang -v -E -dM -isysroot /Applications/Xcode.app/Contents/Developer/Platforms/iPhoneSimulator.platform/Developer/SDKs/iPhoneSimulator26.5.sdk -x c -c /dev/null

ExecuteExternalTool /Applications/Xcode.app/Contents/Developer/Toolchains/XcodeDefault.xctoolchain/usr/bin/swiftc --version

ExecuteExternalTool /usr/bin/what -q /Applications/Xcode.app/Contents/Developer/Toolchains/XcodeDefault.xctoolchain/usr/bin/coremlc

ExecuteExternalTool /Applications/Xcode.app/Contents/Developer/Toolchains/XcodeDefault.xctoolchain/usr/bin/coremlc generate /Users/logansu/Documents/Dev/SwiftProjects/Echo/Echo/Resources/Models/MobileCLIP-B-lt_image.mlpackage /tmp/echo-3.3-dd/Build/Intermediates.noindex/Echo.build/Debug-iphonesimulator/Echo.build/DerivedSources/CoreMLGenerated/MobileCLIP-B-lt_image --dry-run yes --deployment-target 18.0 --sdkroot /Applications/Xcode.app/Contents/Developer/Platforms/iPhoneSimulator.platform/Developer/SDKs/iPhoneSimulator26.5.sdk --platform ios --output-partial-info-plist /tmp/echo-3.3-dd/Build/Intermediates.noindex/Echo.build/Debug-iphonesimulator/Echo.build/MobileCLIP-B-lt_image-CoreMLPartialInfo.plist --container bundle-resources --language Swift --swift-version 6.0

ExecuteExternalTool /Applications/Xcode.app/Contents/Developer/Toolchains/XcodeDefault.xctoolchain/usr/bin/coremlc generate /Users/logansu/Documents/Dev/SwiftProjects/Echo/Echo/Resources/Models/MobileCLIP-B-lt_text.mlpackage /tmp/echo-3.3-dd/Build/Intermediates.noindex/Echo.build/Debug-iphonesimulator/Echo.build/DerivedSources/CoreMLGenerated/MobileCLIP-B-lt_text --dry-run yes --deployment-target 18.0 --sdkroot /Applications/Xcode.app/Contents/Developer/Platforms/iPhoneSimulator.platform/Developer/SDKs/iPhoneSimulator26.5.sdk --platform ios --output-partial-info-plist /tmp/echo-3.3-dd/Build/Intermediates.noindex/Echo.build/Debug-iphonesimulator/Echo.build/MobileCLIP-B-lt_text-CoreMLPartialInfo.plist --container bundle-resources --language Swift --swift-version 6.0

ExecuteExternalTool /Applications/Xcode.app/Contents/Developer/Toolchains/XcodeDefault.xctoolchain/usr/bin/ld -version_details

ExecuteExternalTool /Applications/Xcode.app/Contents/Developer/Toolchains/XcodeDefault.xctoolchain/usr/bin/coremlc generate /Users/logansu/Documents/Dev/SwiftProjects/Echo/Echo/Resources/Models/MultilingualE5Small.mlpackage /tmp/echo-3.3-dd/Build/Intermediates.noindex/Echo.build/Debug-iphonesimulator/Echo.build/DerivedSources/CoreMLGenerated/MultilingualE5Small --dry-run yes --deployment-target 18.0 --sdkroot /Applications/Xcode.app/Contents/Developer/Platforms/iPhoneSimulator.platform/Developer/SDKs/iPhoneSimulator26.5.sdk --platform ios --output-partial-info-plist /tmp/echo-3.3-dd/Build/Intermediates.noindex/Echo.build/Debug-iphonesimulator/Echo.build/MultilingualE5Small-CoreMLPartialInfo.plist --container bundle-resources --language Swift --swift-version 6.0

ReadFileContents /Applications/Xcode.app/Contents/Developer/Toolchains/XcodeDefault.xctoolchain/usr/share/docc/features.json

ExecuteExternalTool /Applications/Xcode.app/Contents/Developer/usr/bin/actool --print-asset-tag-combinations --output-format xml1 /Users/logansu/Documents/Dev/SwiftProjects/Echo/Echo/Assets.xcassets

ExecuteExternalTool /Applications/Xcode.app/Contents/Developer/usr/bin/actool --version --output-format xml1

Build description signature: d8b79f71ab9db42ce2b7a094b9c5efc0
Build description path: /tmp/echo-3.3-dd/Build/Intermediates.noindex/XCBuildData/d8b79f71ab9db42ce2b7a094b9c5efc0.xcbuilddata
ClangStatCache /Applications/Xcode.app/Contents/Developer/Toolchains/XcodeDefault.xctoolchain/usr/bin/clang-stat-cache /Applications/Xcode.app/Contents/Developer/Platforms/iPhoneSimulator.platform/Developer/SDKs/iPhoneSimulator26.5.sdk /tmp/echo-3.3-dd/SDKStatCaches.noindex/iphonesimulator26.5-23F73-6cfe768891a92b912361537c460fe42b.sdkstatcache
    cd /Users/logansu/Documents/Dev/SwiftProjects/Echo/Echo.xcodeproj
    /Applications/Xcode.app/Contents/Developer/Toolchains/XcodeDefault.xctoolchain/usr/bin/clang-stat-cache /Applications/Xcode.app/Contents/Developer/Platforms/iPhoneSimulator.platform/Developer/SDKs/iPhoneSimulator26.5.sdk -o /tmp/echo-3.3-dd/SDKStatCaches.noindex/iphonesimulator26.5-23F73-6cfe768891a92b912361537c460fe42b.sdkstatcache

WriteAuxiliaryFile /tmp/echo-3.3-dd/Build/Intermediates.noindex/Echo.build/Debug-iphonesimulator/Echo.build/Echo.DependencyMetadataFileList (in target 'Echo' from project 'Echo')
    cd /Users/logansu/Documents/Dev/SwiftProjects/Echo
    write-file /tmp/echo-3.3-dd/Build/Intermediates.noindex/Echo.build/Debug-iphonesimulator/Echo.build/Echo.DependencyMetadataFileList

WriteAuxiliaryFile /tmp/echo-3.3-dd/Build/Intermediates.noindex/Echo.build/Debug-iphonesimulator/Echo.build/Objects-normal/arm64/Echo.LinkFileList (in target 'Echo' from project 'Echo')
    cd /Users/logansu/Documents/Dev/SwiftProjects/Echo
    write-file /tmp/echo-3.3-dd/Build/Intermediates.noindex/Echo.build/Debug-iphonesimulator/Echo.build/Objects-normal/arm64/Echo.LinkFileList

ProcessProductPackaging "" /tmp/echo-3.3-dd/Build/Intermediates.noindex/Echo.build/Debug-iphonesimulator/Echo.build/Echo.app-Simulated.xcent (in target 'Echo' from project 'Echo')
    cd /Users/logansu/Documents/Dev/SwiftProjects/Echo
    
    Entitlements:
    
    {
    "application-identifier" = "UJ876FXT32.com.echo.Echo";
}
    
    builtin-productPackagingUtility -entitlements -format xml -o /tmp/echo-3.3-dd/Build/Intermediates.noindex/Echo.build/Debug-iphonesimulator/Echo.build/Echo.app-Simulated.xcent

ProcessProductPackagingDER /tmp/echo-3.3-dd/Build/Intermediates.noindex/Echo.build/Debug-iphonesimulator/Echo.build/Echo.app-Simulated.xcent /tmp/echo-3.3-dd/Build/Intermediates.noindex/Echo.build/Debug-iphonesimulator/Echo.build/Echo.app-Simulated.xcent.der (in target 'Echo' from project 'Echo')
    cd /Users/logansu/Documents/Dev/SwiftProjects/Echo
    /usr/bin/derq query -f xml -i /tmp/echo-3.3-dd/Build/Intermediates.noindex/Echo.build/Debug-iphonesimulator/Echo.build/Echo.app-Simulated.xcent -o /tmp/echo-3.3-dd/Build/Intermediates.noindex/Echo.build/Debug-iphonesimulator/Echo.build/Echo.app-Simulated.xcent.der --raw

Ld /tmp/echo-3.3-dd/Build/Products/Debug-iphonesimulator/Echo.app/Echo.debug.dylib normal (in target 'Echo' from project 'Echo')
    cd /Users/logansu/Documents/Dev/SwiftProjects/Echo
    /Applications/Xcode.app/Contents/Developer/Toolchains/XcodeDefault.xctoolchain/usr/bin/clang -Xlinker -reproducible -target arm64-apple-ios18.0-simulator -dynamiclib -isysroot /Applications/Xcode.app/Contents/Developer/Platforms/iPhoneSimulator.platform/Developer/SDKs/iPhoneSimulator26.5.sdk -O0 -L/tmp/echo-3.3-dd/Build/Intermediates.noindex/EagerLinkingTBDs/Debug-iphonesimulator -L/tmp/echo-3.3-dd/Build/Products/Debug-iphonesimulator -F/tmp/echo-3.3-dd/Build/Intermediates.noindex/EagerLinkingTBDs/Debug-iphonesimulator -F/tmp/echo-3.3-dd/Build/Products/Debug-iphonesimulator/PackageFrameworks -F/tmp/echo-3.3-dd/Build/Products/Debug-iphonesimulator -filelist /tmp/echo-3.3-dd/Build/Intermediates.noindex/Echo.build/Debug-iphonesimulator/Echo.build/Objects-normal/arm64/Echo.LinkFileList -install_name @rpath/Echo.debug.dylib -Xlinker -rpath -Xlinker /usr/lib/swift -Xlinker -rpath -Xlinker /tmp/echo-3.3-dd/Build/Products/Debug-iphonesimulator/PackageFrameworks -Xlinker -rpath -Xlinker @executable_path/Frameworks -Xlinker -dead_strip -Xlinker -object_path_lto -Xlinker /tmp/echo-3.3-dd/Build/Intermediates.noindex/Echo.build/Debug-iphonesimulator/Echo.build/Objects-normal/arm64/Echo_lto.o -rdynamic -Xlinker -no_deduplicate -Xlinker -objc_abi_version -Xlinker 2 -Xlinker -debug_variant -Xlinker -dependency_info -Xlinker /tmp/echo-3.3-dd/Build/Intermediates.noindex/Echo.build/Debug-iphonesimulator/Echo.build/Objects-normal/arm64/Echo_dependency_info.dat -fobjc-link-runtime -fprofile-instr-generate -L/Applications/Xcode.app/Contents/Developer/Toolchains/XcodeDefault.xctoolchain/usr/lib/swift/iphonesimulator -L/usr/lib/swift -Xlinker -add_ast_path -Xlinker /tmp/echo-3.3-dd/Build/Intermediates.noindex/Echo.build/Debug-iphonesimulator/Echo.build/Objects-normal/arm64/Echo.swiftmodule @/tmp/echo-3.3-dd/Build/Intermediates.noindex/Echo.build/Debug-iphonesimulator/Echo.build/Objects-normal/arm64/Echo-linker-args.resp -Wl,-no_warn_duplicate_libraries -Xlinker -alias -Xlinker _main -Xlinker ___debug_main_executable_dylib_entry_point -Xlinker -no_adhoc_codesign -o /tmp/echo-3.3-dd/Build/Products/Debug-iphonesimulator/Echo.app/Echo.debug.dylib -Xlinker -add_ast_path -Xlinker /tmp/echo-3.3-dd/Build/Intermediates.noindex/ProximaKit.build/Debug-iphonesimulator/ProximaKit.build/Objects-normal/arm64/ProximaKit.swiftmodule @/tmp/echo-3.3-dd/Build/Intermediates.noindex/ProximaKit.build/Debug-iphonesimulator/ProximaKit.build/Objects-normal/arm64/ProximaKit-linker-args.resp

ProcessInfoPlistFile /tmp/echo-3.3-dd/Build/Products/Debug-iphonesimulator/Echo.app/Info.plist /tmp/echo-3.3-dd/Build/Intermediates.noindex/Echo.build/Debug-iphonesimulator/Echo.build/empty-Echo.plist (in target 'Echo' from project 'Echo')
    cd /Users/logansu/Documents/Dev/SwiftProjects/Echo
    builtin-infoPlistUtility /tmp/echo-3.3-dd/Build/Intermediates.noindex/Echo.build/Debug-iphonesimulator/Echo.build/empty-Echo.plist -producttype com.apple.product-type.application -genpkginfo /tmp/echo-3.3-dd/Build/Products/Debug-iphonesimulator/Echo.app/PkgInfo -expandbuildsettings -format binary -platform iphonesimulator -additionalcontentfile /tmp/echo-3.3-dd/Build/Intermediates.noindex/Echo.build/Debug-iphonesimulator/Echo.build/MobileCLIP-B-lt_image-CoreMLPartialInfo.plist -additionalcontentfile /tmp/echo-3.3-dd/Build/Intermediates.noindex/Echo.build/Debug-iphonesimulator/Echo.build/MobileCLIP-B-lt_text-CoreMLPartialInfo.plist -additionalcontentfile /tmp/echo-3.3-dd/Build/Intermediates.noindex/Echo.build/Debug-iphonesimulator/Echo.build/MultilingualE5Small-CoreMLPartialInfo.plist -additionalcontentfile /tmp/echo-3.3-dd/Build/Intermediates.noindex/Echo.build/Debug-iphonesimulator/Echo.build/assetcatalog_generated_info.plist -o /tmp/echo-3.3-dd/Build/Products/Debug-iphonesimulator/Echo.app/Info.plist

ConstructStubExecutorLinkFileList /tmp/echo-3.3-dd/Build/Intermediates.noindex/Echo.build/Debug-iphonesimulator/Echo.build/Echo-ExecutorLinkFileList-normal-arm64.txt (in target 'Echo' from project 'Echo')
    cd /Users/logansu/Documents/Dev/SwiftProjects/Echo
    construct-stub-executor-link-file-list /tmp/echo-3.3-dd/Build/Products/Debug-iphonesimulator/Echo.app/Echo.debug.dylib /Applications/Xcode.app/Contents/Developer/Platforms/iPhoneSimulator.platform/Developer/usr/lib/libPreviewsJITStubExecutor_no_swift_entry_point.a /Applications/Xcode.app/Contents/Developer/Platforms/iPhoneSimulator.platform/Developer/usr/lib/libPreviewsJITStubExecutor.a --output /tmp/echo-3.3-dd/Build/Intermediates.noindex/Echo.build/Debug-iphonesimulator/Echo.build/Echo-ExecutorLinkFileList-normal-arm64.txt
note: Using stub executor library with Swift entry point. (in target 'Echo' from project 'Echo')

Ld /tmp/echo-3.3-dd/Build/Products/Debug-iphonesimulator/Echo.app/Echo normal (in target 'Echo' from project 'Echo')
    cd /Users/logansu/Documents/Dev/SwiftProjects/Echo
    /Applications/Xcode.app/Contents/Developer/Toolchains/XcodeDefault.xctoolchain/usr/bin/clang -Xlinker -reproducible -target arm64-apple-ios18.0-simulator -isysroot /Applications/Xcode.app/Contents/Developer/Platforms/iPhoneSimulator.platform/Developer/SDKs/iPhoneSimulator26.5.sdk -O0 -L/tmp/echo-3.3-dd/Build/Products/Debug-iphonesimulator -F/tmp/echo-3.3-dd/Build/Products/Debug-iphonesimulator/PackageFrameworks -F/tmp/echo-3.3-dd/Build/Products/Debug-iphonesimulator -Xlinker -rpath -Xlinker @executable_path -Xlinker -rpath -Xlinker /tmp/echo-3.3-dd/Build/Products/Debug-iphonesimulator/PackageFrameworks -Xlinker -rpath -Xlinker @executable_path/Frameworks -rdynamic -Xlinker -no_deduplicate -Xlinker -objc_abi_version -Xlinker 2 -Xlinker -debug_variant -e ___debug_blank_executor_main -Xlinker -sectcreate -Xlinker __TEXT -Xlinker __debug_dylib -Xlinker /tmp/echo-3.3-dd/Build/Intermediates.noindex/Echo.build/Debug-iphonesimulator/Echo.build/Echo-DebugDylibPath-normal-arm64.txt -Xlinker -sectcreate -Xlinker __TEXT -Xlinker __debug_instlnm -Xlinker /tmp/echo-3.3-dd/Build/Intermediates.noindex/Echo.build/Debug-iphonesimulator/Echo.build/Echo-DebugDylibInstallName-normal-arm64.txt -Xlinker -filelist -Xlinker /tmp/echo-3.3-dd/Build/Intermediates.noindex/Echo.build/Debug-iphonesimulator/Echo.build/Echo-ExecutorLinkFileList-normal-arm64.txt -Xlinker -sectcreate -Xlinker __TEXT -Xlinker __entitlements -Xlinker /tmp/echo-3.3-dd/Build/Intermediates.noindex/Echo.build/Debug-iphonesimulator/Echo.build/Echo.app-Simulated.xcent -Xlinker -sectcreate -Xlinker __TEXT -Xlinker __ents_der -Xlinker /tmp/echo-3.3-dd/Build/Intermediates.noindex/Echo.build/Debug-iphonesimulator/Echo.build/Echo.app-Simulated.xcent.der /tmp/echo-3.3-dd/Build/Products/Debug-iphonesimulator/Echo.app/Echo.debug.dylib -Xlinker -no_adhoc_codesign -o /tmp/echo-3.3-dd/Build/Products/Debug-iphonesimulator/Echo.app/Echo

CopySwiftLibs /tmp/echo-3.3-dd/Build/Products/Debug-iphonesimulator/Echo.app (in target 'Echo' from project 'Echo')
    cd /Users/logansu/Documents/Dev/SwiftProjects/Echo
    builtin-swiftStdLibTool --copy --verbose --sign - --scan-executable /tmp/echo-3.3-dd/Build/Products/Debug-iphonesimulator/Echo.app/Echo.debug.dylib --scan-folder /tmp/echo-3.3-dd/Build/Products/Debug-iphonesimulator/Echo.app/Frameworks --scan-folder /tmp/echo-3.3-dd/Build/Products/Debug-iphonesimulator/Echo.app/PlugIns --scan-folder /tmp/echo-3.3-dd/Build/Products/Debug-iphonesimulator/Echo.app/SystemExtensions --scan-folder /tmp/echo-3.3-dd/Build/Products/Debug-iphonesimulator/Echo.app/Extensions --platform iphonesimulator --toolchain /Applications/Xcode.app/Contents/Developer/Toolchains/XcodeDefault.xctoolchain --destination /tmp/echo-3.3-dd/Build/Products/Debug-iphonesimulator/Echo.app/Frameworks --strip-bitcode --strip-bitcode-tool /Applications/Xcode.app/Contents/Developer/Toolchains/XcodeDefault.xctoolchain/usr/bin/bitcode_strip --emit-dependency-info /tmp/echo-3.3-dd/Build/Intermediates.noindex/Echo.build/Debug-iphonesimulator/Echo.build/SwiftStdLibToolInputDependencies.dep --filter-for-swift-os

ExtractAppIntentsMetadata (in target 'Echo' from project 'Echo')
    cd /Users/logansu/Documents/Dev/SwiftProjects/Echo
    /Applications/Xcode.app/Contents/Developer/Toolchains/XcodeDefault.xctoolchain/usr/bin/appintentsmetadataprocessor --toolchain-dir /Applications/Xcode.app/Contents/Developer/Toolchains/XcodeDefault.xctoolchain --module-name Echo --sdk-root /Applications/Xcode.app/Contents/Developer/Platforms/iPhoneSimulator.platform/Developer/SDKs/iPhoneSimulator26.5.sdk --xcode-version 17F42 --platform-family iOS --deployment-target 18.0 --bundle-identifier com.echo.Echo --output /tmp/echo-3.3-dd/Build/Products/Debug-iphonesimulator/Echo.app --target-triple arm64-apple-ios18.0-simulator --binary-file /tmp/echo-3.3-dd/Build/Products/Debug-iphonesimulator/Echo.app/Echo --dependency-file /tmp/echo-3.3-dd/Build/Intermediates.noindex/Echo.build/Debug-iphonesimulator/Echo.build/Objects-normal/arm64/Echo_dependency_info.dat --stringsdata-file /tmp/echo-3.3-dd/Build/Intermediates.noindex/Echo.build/Debug-iphonesimulator/Echo.build/Objects-normal/arm64/ExtractedAppShortcutsMetadata.stringsdata --source-file-list /tmp/echo-3.3-dd/Build/Intermediates.noindex/Echo.build/Debug-iphonesimulator/Echo.build/Objects-normal/arm64/Echo.SwiftFileList --metadata-file-list /tmp/echo-3.3-dd/Build/Intermediates.noindex/Echo.build/Debug-iphonesimulator/Echo.build/Echo.DependencyMetadataFileList --static-metadata-file-list /tmp/echo-3.3-dd/Build/Intermediates.noindex/Echo.build/Debug-iphonesimulator/Echo.build/Echo.DependencyStaticMetadataFileList --swift-const-vals-list /tmp/echo-3.3-dd/Build/Intermediates.noindex/Echo.build/Debug-iphonesimulator/Echo.build/Objects-normal/arm64/Echo.SwiftConstValuesFileList --compile-time-extraction --deployment-aware-processing --validate-assistant-intents --no-app-shortcuts-localization
2026-08-01 23:38:41.562 appintentsmetadataprocessor[64009:67119829] Starting appintentsmetadataprocessor export
2026-08-01 23:38:41.566 appintentsmetadataprocessor[64009:67119829] warning: Metadata extraction skipped. No AppIntents.framework dependency found.

AppIntentsSSUTraining (in target 'Echo' from project 'Echo')
    cd /Users/logansu/Documents/Dev/SwiftProjects/Echo
    /Applications/Xcode.app/Contents/Developer/Toolchains/XcodeDefault.xctoolchain/usr/bin/appintentsnltrainingprocessor --infoplist-path /tmp/echo-3.3-dd/Build/Products/Debug-iphonesimulator/Echo.app/Info.plist --temp-dir-path /tmp/echo-3.3-dd/Build/Intermediates.noindex/Echo.build/Debug-iphonesimulator/Echo.build/ssu --bundle-id com.echo.Echo --product-path /tmp/echo-3.3-dd/Build/Products/Debug-iphonesimulator/Echo.app --extracted-metadata-path /tmp/echo-3.3-dd/Build/Products/Debug-iphonesimulator/Echo.app/Metadata.appintents --metadata-file-list /tmp/echo-3.3-dd/Build/Intermediates.noindex/Echo.build/Debug-iphonesimulator/Echo.build/Echo.DependencyMetadataFileList --source-file /tmp/echo-3.3-dd/Build/Products/Debug-iphonesimulator/Echo.app/Info.plist --archive-ssu-assets
2026-08-01 23:38:41.585 appintentsnltrainingprocessor[64010:67119830] Parsing options for appintentsnltrainingprocessor
2026-08-01 23:38:41.585 appintentsnltrainingprocessor[64010:67119830] Starting AppIntents SSU YAML Generation
2026-08-01 23:38:41.587 appintentsnltrainingprocessor[64010:67119830] No AppShortcuts found - Skipping.

CodeSign /tmp/echo-3.3-dd/Build/Products/Debug-iphonesimulator/Echo.app/Echo.debug.dylib (in target 'Echo' from project 'Echo')
    cd /Users/logansu/Documents/Dev/SwiftProjects/Echo
    
    Signing Identity:     "Sign to Run Locally"
    
    /usr/bin/codesign --force --sign - --timestamp\=none --generate-entitlement-der /tmp/echo-3.3-dd/Build/Products/Debug-iphonesimulator/Echo.app/Echo.debug.dylib

CodeSign /tmp/echo-3.3-dd/Build/Products/Debug-iphonesimulator/Echo.app/__preview.dylib (in target 'Echo' from project 'Echo')
    cd /Users/logansu/Documents/Dev/SwiftProjects/Echo
    
    Signing Identity:     "Sign to Run Locally"
    
    /usr/bin/codesign --force --sign - --timestamp\=none --generate-entitlement-der /tmp/echo-3.3-dd/Build/Products/Debug-iphonesimulator/Echo.app/__preview.dylib
/tmp/echo-3.3-dd/Build/Products/Debug-iphonesimulator/Echo.app/__preview.dylib: replacing existing signature

CodeSign /tmp/echo-3.3-dd/Build/Products/Debug-iphonesimulator/Echo.app (in target 'Echo' from project 'Echo')
    cd /Users/logansu/Documents/Dev/SwiftProjects/Echo
    
    Signing Identity:     "Sign to Run Locally"
    
    /usr/bin/codesign --force --sign - --timestamp\=none --generate-entitlement-der /tmp/echo-3.3-dd/Build/Products/Debug-iphonesimulator/Echo.app

Validate /tmp/echo-3.3-dd/Build/Products/Debug-iphonesimulator/Echo.app (in target 'Echo' from project 'Echo')
    cd /Users/logansu/Documents/Dev/SwiftProjects/Echo
    builtin-validationUtility /tmp/echo-3.3-dd/Build/Products/Debug-iphonesimulator/Echo.app -shallow-bundle -infoplist-subpath Info.plist

note: Removed stale file '/tmp/echo-3.3-dd/Build/Products/Debug-iphonesimulator/Echo.app/Frameworks'

note: Removed stale file '/tmp/echo-3.3-dd/Build/Products/Debug-iphonesimulator/Echo.app/PlugIns'

** BUILD SUCCEEDED **

