Command line invocation:
    /Applications/Xcode.app/Contents/Developer/usr/bin/xcodebuild build -project Echo.xcodeproj -scheme Echo -destination "platform=iOS Simulator,name=iPhone 17 Pro" -derivedDataPath DerivedData

Resolve Package Graph


Resolved source packages:
  ProximaKit: https://github.com/vivekptnk/ProximaKit.git @ 1.7.0

2026-08-02 14:55:34.773 xcodebuild[17509:68809495] [MT] IDERunDestination: Supported platforms for the buildables in the current scheme is empty.
ComputePackagePrebuildTargetDependencyGraph

Prepare packages

CreateBuildRequest

SendProjectDescription

CreateBuildOperation

ComputeTargetDependencyGraph
note: Building targets in dependency order
note: Target dependency graph (3 targets)
    Target 'Echo' in project 'Echo'
        ➜ Explicit dependency on target 'ProximaKit' in project 'ProximaKit'
    Target 'ProximaKit' in project 'ProximaKit'
        ➜ Explicit dependency on target 'ProximaKit' in project 'ProximaKit'
    Target 'ProximaKit' in project 'ProximaKit' (no dependencies)

GatherProvisioningInputs

CreateBuildDescription

ExecuteExternalTool /Applications/Xcode.app/Contents/Developer/Toolchains/XcodeDefault.xctoolchain/usr/bin/clang -v -E -dM -isysroot /Applications/Xcode.app/Contents/Developer/Platforms/iPhoneSimulator.platform/Developer/SDKs/iPhoneSimulator26.5.sdk -x c -c /dev/null

ExecuteExternalTool /Applications/Xcode.app/Contents/Developer/Toolchains/XcodeDefault.xctoolchain/usr/bin/swiftc --version

ExecuteExternalTool /usr/bin/what -q /Applications/Xcode.app/Contents/Developer/Toolchains/XcodeDefault.xctoolchain/usr/bin/coremlc

ExecuteExternalTool /Applications/Xcode.app/Contents/Developer/Toolchains/XcodeDefault.xctoolchain/usr/bin/coremlc generate /Users/logansu/Documents/Dev/SwiftProjects/Echo/Echo/Resources/Models/MobileCLIP-B-lt_image.mlpackage /Users/logansu/Documents/Dev/SwiftProjects/Echo/DerivedData/Build/Intermediates.noindex/Echo.build/Debug-iphonesimulator/Echo.build/DerivedSources/CoreMLGenerated/MobileCLIP-B-lt_image --dry-run yes --deployment-target 18.0 --sdkroot /Applications/Xcode.app/Contents/Developer/Platforms/iPhoneSimulator.platform/Developer/SDKs/iPhoneSimulator26.5.sdk --platform ios --output-partial-info-plist /Users/logansu/Documents/Dev/SwiftProjects/Echo/DerivedData/Build/Intermediates.noindex/Echo.build/Debug-iphonesimulator/Echo.build/MobileCLIP-B-lt_image-CoreMLPartialInfo.plist --container bundle-resources --language Swift --swift-version 6.0

ExecuteExternalTool /Applications/Xcode.app/Contents/Developer/Toolchains/XcodeDefault.xctoolchain/usr/bin/coremlc generate /Users/logansu/Documents/Dev/SwiftProjects/Echo/Echo/Resources/Models/MobileCLIP-B-lt_text.mlpackage /Users/logansu/Documents/Dev/SwiftProjects/Echo/DerivedData/Build/Intermediates.noindex/Echo.build/Debug-iphonesimulator/Echo.build/DerivedSources/CoreMLGenerated/MobileCLIP-B-lt_text --dry-run yes --deployment-target 18.0 --sdkroot /Applications/Xcode.app/Contents/Developer/Platforms/iPhoneSimulator.platform/Developer/SDKs/iPhoneSimulator26.5.sdk --platform ios --output-partial-info-plist /Users/logansu/Documents/Dev/SwiftProjects/Echo/DerivedData/Build/Intermediates.noindex/Echo.build/Debug-iphonesimulator/Echo.build/MobileCLIP-B-lt_text-CoreMLPartialInfo.plist --container bundle-resources --language Swift --swift-version 6.0

ExecuteExternalTool /Applications/Xcode.app/Contents/Developer/Toolchains/XcodeDefault.xctoolchain/usr/bin/ld -version_details

ExecuteExternalTool /Applications/Xcode.app/Contents/Developer/Toolchains/XcodeDefault.xctoolchain/usr/bin/coremlc generate /Users/logansu/Documents/Dev/SwiftProjects/Echo/Echo/Resources/Models/MultilingualE5Small.mlpackage /Users/logansu/Documents/Dev/SwiftProjects/Echo/DerivedData/Build/Intermediates.noindex/Echo.build/Debug-iphonesimulator/Echo.build/DerivedSources/CoreMLGenerated/MultilingualE5Small --dry-run yes --deployment-target 18.0 --sdkroot /Applications/Xcode.app/Contents/Developer/Platforms/iPhoneSimulator.platform/Developer/SDKs/iPhoneSimulator26.5.sdk --platform ios --output-partial-info-plist /Users/logansu/Documents/Dev/SwiftProjects/Echo/DerivedData/Build/Intermediates.noindex/Echo.build/Debug-iphonesimulator/Echo.build/MultilingualE5Small-CoreMLPartialInfo.plist --container bundle-resources --language Swift --swift-version 6.0

ExecuteExternalTool /Applications/Xcode.app/Contents/Developer/usr/bin/actool --print-asset-tag-combinations --output-format xml1 /Users/logansu/Documents/Dev/SwiftProjects/Echo/Echo/Assets.xcassets

ReadFileContents /Applications/Xcode.app/Contents/Developer/Toolchains/XcodeDefault.xctoolchain/usr/share/docc/features.json

ExecuteExternalTool /Applications/Xcode.app/Contents/Developer/usr/bin/actool --version --output-format xml1

Build description signature: 67e3b0f4e659b6420eb8409538206428
Build description path: /Users/logansu/Documents/Dev/SwiftProjects/Echo/DerivedData/Build/Intermediates.noindex/XCBuildData/67e3b0f4e659b6420eb8409538206428.xcbuilddata
ClangStatCache /Applications/Xcode.app/Contents/Developer/Toolchains/XcodeDefault.xctoolchain/usr/bin/clang-stat-cache /Applications/Xcode.app/Contents/Developer/Platforms/iPhoneSimulator.platform/Developer/SDKs/iPhoneSimulator26.5.sdk /Users/logansu/Documents/Dev/SwiftProjects/Echo/DerivedData/SDKStatCaches.noindex/iphonesimulator26.5-23F73-6cfe768891a92b912361537c460fe42b.sdkstatcache
    cd /Users/logansu/Documents/Dev/SwiftProjects/Echo/Echo.xcodeproj
    /Applications/Xcode.app/Contents/Developer/Toolchains/XcodeDefault.xctoolchain/usr/bin/clang-stat-cache /Applications/Xcode.app/Contents/Developer/Platforms/iPhoneSimulator.platform/Developer/SDKs/iPhoneSimulator26.5.sdk -o /Users/logansu/Documents/Dev/SwiftProjects/Echo/DerivedData/SDKStatCaches.noindex/iphonesimulator26.5-23F73-6cfe768891a92b912361537c460fe42b.sdkstatcache

WriteAuxiliaryFile /Users/logansu/Documents/Dev/SwiftProjects/Echo/DerivedData/Build/Intermediates.noindex/Echo.build/Debug-iphonesimulator/Echo.build/Echo.DependencyMetadataFileList (in target 'Echo' from project 'Echo')
    cd /Users/logansu/Documents/Dev/SwiftProjects/Echo
    write-file /Users/logansu/Documents/Dev/SwiftProjects/Echo/DerivedData/Build/Intermediates.noindex/Echo.build/Debug-iphonesimulator/Echo.build/Echo.DependencyMetadataFileList

WriteAuxiliaryFile /Users/logansu/Documents/Dev/SwiftProjects/Echo/DerivedData/Build/Intermediates.noindex/Echo.build/Debug-iphonesimulator/Echo.build/Objects-normal/arm64/Echo.LinkFileList (in target 'Echo' from project 'Echo')
    cd /Users/logansu/Documents/Dev/SwiftProjects/Echo
    write-file /Users/logansu/Documents/Dev/SwiftProjects/Echo/DerivedData/Build/Intermediates.noindex/Echo.build/Debug-iphonesimulator/Echo.build/Objects-normal/arm64/Echo.LinkFileList

ProcessProductPackaging "" /Users/logansu/Documents/Dev/SwiftProjects/Echo/DerivedData/Build/Intermediates.noindex/Echo.build/Debug-iphonesimulator/Echo.build/Echo.app-Simulated.xcent (in target 'Echo' from project 'Echo')
    cd /Users/logansu/Documents/Dev/SwiftProjects/Echo
    
    Entitlements:
    
    {
    "application-identifier" = "UJ876FXT32.com.echo.Echo";
}
    
    builtin-productPackagingUtility -entitlements -format xml -o /Users/logansu/Documents/Dev/SwiftProjects/Echo/DerivedData/Build/Intermediates.noindex/Echo.build/Debug-iphonesimulator/Echo.build/Echo.app-Simulated.xcent

ProcessProductPackagingDER /Users/logansu/Documents/Dev/SwiftProjects/Echo/DerivedData/Build/Intermediates.noindex/Echo.build/Debug-iphonesimulator/Echo.build/Echo.app-Simulated.xcent /Users/logansu/Documents/Dev/SwiftProjects/Echo/DerivedData/Build/Intermediates.noindex/Echo.build/Debug-iphonesimulator/Echo.build/Echo.app-Simulated.xcent.der (in target 'Echo' from project 'Echo')
    cd /Users/logansu/Documents/Dev/SwiftProjects/Echo
    /usr/bin/derq query -f xml -i /Users/logansu/Documents/Dev/SwiftProjects/Echo/DerivedData/Build/Intermediates.noindex/Echo.build/Debug-iphonesimulator/Echo.build/Echo.app-Simulated.xcent -o /Users/logansu/Documents/Dev/SwiftProjects/Echo/DerivedData/Build/Intermediates.noindex/Echo.build/Debug-iphonesimulator/Echo.build/Echo.app-Simulated.xcent.der --raw

Ld /Users/logansu/Documents/Dev/SwiftProjects/Echo/DerivedData/Build/Products/Debug-iphonesimulator/Echo.app/Echo.debug.dylib normal (in target 'Echo' from project 'Echo')
    cd /Users/logansu/Documents/Dev/SwiftProjects/Echo
    /Applications/Xcode.app/Contents/Developer/Toolchains/XcodeDefault.xctoolchain/usr/bin/clang -Xlinker -reproducible -target arm64-apple-ios18.0-simulator -dynamiclib -isysroot /Applications/Xcode.app/Contents/Developer/Platforms/iPhoneSimulator.platform/Developer/SDKs/iPhoneSimulator26.5.sdk -O0 -L/Users/logansu/Documents/Dev/SwiftProjects/Echo/DerivedData/Build/Intermediates.noindex/EagerLinkingTBDs/Debug-iphonesimulator -L/Users/logansu/Documents/Dev/SwiftProjects/Echo/DerivedData/Build/Products/Debug-iphonesimulator -F/Users/logansu/Documents/Dev/SwiftProjects/Echo/DerivedData/Build/Intermediates.noindex/EagerLinkingTBDs/Debug-iphonesimulator -F/Users/logansu/Documents/Dev/SwiftProjects/Echo/DerivedData/Build/Products/Debug-iphonesimulator/PackageFrameworks -F/Users/logansu/Documents/Dev/SwiftProjects/Echo/DerivedData/Build/Products/Debug-iphonesimulator -filelist /Users/logansu/Documents/Dev/SwiftProjects/Echo/DerivedData/Build/Intermediates.noindex/Echo.build/Debug-iphonesimulator/Echo.build/Objects-normal/arm64/Echo.LinkFileList -install_name @rpath/Echo.debug.dylib -Xlinker -rpath -Xlinker /usr/lib/swift -Xlinker -rpath -Xlinker /Users/logansu/Documents/Dev/SwiftProjects/Echo/DerivedData/Build/Products/Debug-iphonesimulator/PackageFrameworks -Xlinker -rpath -Xlinker @executable_path/Frameworks -Xlinker -dead_strip -Xlinker -object_path_lto -Xlinker /Users/logansu/Documents/Dev/SwiftProjects/Echo/DerivedData/Build/Intermediates.noindex/Echo.build/Debug-iphonesimulator/Echo.build/Objects-normal/arm64/Echo_lto.o -rdynamic -Xlinker -no_deduplicate -Xlinker -objc_abi_version -Xlinker 2 -Xlinker -debug_variant -Xlinker -dependency_info -Xlinker /Users/logansu/Documents/Dev/SwiftProjects/Echo/DerivedData/Build/Intermediates.noindex/Echo.build/Debug-iphonesimulator/Echo.build/Objects-normal/arm64/Echo_dependency_info.dat -fobjc-link-runtime -fprofile-instr-generate -L/Applications/Xcode.app/Contents/Developer/Toolchains/XcodeDefault.xctoolchain/usr/lib/swift/iphonesimulator -L/usr/lib/swift -Xlinker -add_ast_path -Xlinker /Users/logansu/Documents/Dev/SwiftProjects/Echo/DerivedData/Build/Intermediates.noindex/Echo.build/Debug-iphonesimulator/Echo.build/Objects-normal/arm64/Echo.swiftmodule @/Users/logansu/Documents/Dev/SwiftProjects/Echo/DerivedData/Build/Intermediates.noindex/Echo.build/Debug-iphonesimulator/Echo.build/Objects-normal/arm64/Echo-linker-args.resp -Wl,-no_warn_duplicate_libraries -Xlinker -alias -Xlinker _main -Xlinker ___debug_main_executable_dylib_entry_point -Xlinker -no_adhoc_codesign -o /Users/logansu/Documents/Dev/SwiftProjects/Echo/DerivedData/Build/Products/Debug-iphonesimulator/Echo.app/Echo.debug.dylib -Xlinker -add_ast_path -Xlinker /Users/logansu/Documents/Dev/SwiftProjects/Echo/DerivedData/Build/Intermediates.noindex/ProximaKit.build/Debug-iphonesimulator/ProximaKit.build/Objects-normal/arm64/ProximaKit.swiftmodule @/Users/logansu/Documents/Dev/SwiftProjects/Echo/DerivedData/Build/Intermediates.noindex/ProximaKit.build/Debug-iphonesimulator/ProximaKit.build/Objects-normal/arm64/ProximaKit-linker-args.resp

ProcessInfoPlistFile /Users/logansu/Documents/Dev/SwiftProjects/Echo/DerivedData/Build/Products/Debug-iphonesimulator/Echo.app/Info.plist /Users/logansu/Documents/Dev/SwiftProjects/Echo/DerivedData/Build/Intermediates.noindex/Echo.build/Debug-iphonesimulator/Echo.build/empty-Echo.plist (in target 'Echo' from project 'Echo')
    cd /Users/logansu/Documents/Dev/SwiftProjects/Echo
    builtin-infoPlistUtility /Users/logansu/Documents/Dev/SwiftProjects/Echo/DerivedData/Build/Intermediates.noindex/Echo.build/Debug-iphonesimulator/Echo.build/empty-Echo.plist -producttype com.apple.product-type.application -genpkginfo /Users/logansu/Documents/Dev/SwiftProjects/Echo/DerivedData/Build/Products/Debug-iphonesimulator/Echo.app/PkgInfo -expandbuildsettings -format binary -platform iphonesimulator -additionalcontentfile /Users/logansu/Documents/Dev/SwiftProjects/Echo/DerivedData/Build/Intermediates.noindex/Echo.build/Debug-iphonesimulator/Echo.build/MobileCLIP-B-lt_image-CoreMLPartialInfo.plist -additionalcontentfile /Users/logansu/Documents/Dev/SwiftProjects/Echo/DerivedData/Build/Intermediates.noindex/Echo.build/Debug-iphonesimulator/Echo.build/MobileCLIP-B-lt_text-CoreMLPartialInfo.plist -additionalcontentfile /Users/logansu/Documents/Dev/SwiftProjects/Echo/DerivedData/Build/Intermediates.noindex/Echo.build/Debug-iphonesimulator/Echo.build/MultilingualE5Small-CoreMLPartialInfo.plist -additionalcontentfile /Users/logansu/Documents/Dev/SwiftProjects/Echo/DerivedData/Build/Intermediates.noindex/Echo.build/Debug-iphonesimulator/Echo.build/assetcatalog_generated_info.plist -o /Users/logansu/Documents/Dev/SwiftProjects/Echo/DerivedData/Build/Products/Debug-iphonesimulator/Echo.app/Info.plist

ConstructStubExecutorLinkFileList /Users/logansu/Documents/Dev/SwiftProjects/Echo/DerivedData/Build/Intermediates.noindex/Echo.build/Debug-iphonesimulator/Echo.build/Echo-ExecutorLinkFileList-normal-arm64.txt (in target 'Echo' from project 'Echo')
    cd /Users/logansu/Documents/Dev/SwiftProjects/Echo
    construct-stub-executor-link-file-list /Users/logansu/Documents/Dev/SwiftProjects/Echo/DerivedData/Build/Products/Debug-iphonesimulator/Echo.app/Echo.debug.dylib /Applications/Xcode.app/Contents/Developer/Platforms/iPhoneSimulator.platform/Developer/usr/lib/libPreviewsJITStubExecutor_no_swift_entry_point.a /Applications/Xcode.app/Contents/Developer/Platforms/iPhoneSimulator.platform/Developer/usr/lib/libPreviewsJITStubExecutor.a --output /Users/logansu/Documents/Dev/SwiftProjects/Echo/DerivedData/Build/Intermediates.noindex/Echo.build/Debug-iphonesimulator/Echo.build/Echo-ExecutorLinkFileList-normal-arm64.txt
note: Using stub executor library with Swift entry point. (in target 'Echo' from project 'Echo')

Ld /Users/logansu/Documents/Dev/SwiftProjects/Echo/DerivedData/Build/Products/Debug-iphonesimulator/Echo.app/Echo normal (in target 'Echo' from project 'Echo')
    cd /Users/logansu/Documents/Dev/SwiftProjects/Echo
    /Applications/Xcode.app/Contents/Developer/Toolchains/XcodeDefault.xctoolchain/usr/bin/clang -Xlinker -reproducible -target arm64-apple-ios18.0-simulator -isysroot /Applications/Xcode.app/Contents/Developer/Platforms/iPhoneSimulator.platform/Developer/SDKs/iPhoneSimulator26.5.sdk -O0 -L/Users/logansu/Documents/Dev/SwiftProjects/Echo/DerivedData/Build/Products/Debug-iphonesimulator -F/Users/logansu/Documents/Dev/SwiftProjects/Echo/DerivedData/Build/Products/Debug-iphonesimulator/PackageFrameworks -F/Users/logansu/Documents/Dev/SwiftProjects/Echo/DerivedData/Build/Products/Debug-iphonesimulator -Xlinker -rpath -Xlinker @executable_path -Xlinker -rpath -Xlinker /Users/logansu/Documents/Dev/SwiftProjects/Echo/DerivedData/Build/Products/Debug-iphonesimulator/PackageFrameworks -Xlinker -rpath -Xlinker @executable_path/Frameworks -rdynamic -Xlinker -no_deduplicate -Xlinker -objc_abi_version -Xlinker 2 -Xlinker -debug_variant -e ___debug_blank_executor_main -Xlinker -sectcreate -Xlinker __TEXT -Xlinker __debug_dylib -Xlinker /Users/logansu/Documents/Dev/SwiftProjects/Echo/DerivedData/Build/Intermediates.noindex/Echo.build/Debug-iphonesimulator/Echo.build/Echo-DebugDylibPath-normal-arm64.txt -Xlinker -sectcreate -Xlinker __TEXT -Xlinker __debug_instlnm -Xlinker /Users/logansu/Documents/Dev/SwiftProjects/Echo/DerivedData/Build/Intermediates.noindex/Echo.build/Debug-iphonesimulator/Echo.build/Echo-DebugDylibInstallName-normal-arm64.txt -Xlinker -filelist -Xlinker /Users/logansu/Documents/Dev/SwiftProjects/Echo/DerivedData/Build/Intermediates.noindex/Echo.build/Debug-iphonesimulator/Echo.build/Echo-ExecutorLinkFileList-normal-arm64.txt -Xlinker -sectcreate -Xlinker __TEXT -Xlinker __entitlements -Xlinker /Users/logansu/Documents/Dev/SwiftProjects/Echo/DerivedData/Build/Intermediates.noindex/Echo.build/Debug-iphonesimulator/Echo.build/Echo.app-Simulated.xcent -Xlinker -sectcreate -Xlinker __TEXT -Xlinker __ents_der -Xlinker /Users/logansu/Documents/Dev/SwiftProjects/Echo/DerivedData/Build/Intermediates.noindex/Echo.build/Debug-iphonesimulator/Echo.build/Echo.app-Simulated.xcent.der /Users/logansu/Documents/Dev/SwiftProjects/Echo/DerivedData/Build/Products/Debug-iphonesimulator/Echo.app/Echo.debug.dylib -Xlinker -no_adhoc_codesign -o /Users/logansu/Documents/Dev/SwiftProjects/Echo/DerivedData/Build/Products/Debug-iphonesimulator/Echo.app/Echo

CopySwiftLibs /Users/logansu/Documents/Dev/SwiftProjects/Echo/DerivedData/Build/Products/Debug-iphonesimulator/Echo.app (in target 'Echo' from project 'Echo')
    cd /Users/logansu/Documents/Dev/SwiftProjects/Echo
    builtin-swiftStdLibTool --copy --verbose --sign - --scan-executable /Users/logansu/Documents/Dev/SwiftProjects/Echo/DerivedData/Build/Products/Debug-iphonesimulator/Echo.app/Echo.debug.dylib --scan-folder /Users/logansu/Documents/Dev/SwiftProjects/Echo/DerivedData/Build/Products/Debug-iphonesimulator/Echo.app/Frameworks --scan-folder /Users/logansu/Documents/Dev/SwiftProjects/Echo/DerivedData/Build/Products/Debug-iphonesimulator/Echo.app/PlugIns --scan-folder /Users/logansu/Documents/Dev/SwiftProjects/Echo/DerivedData/Build/Products/Debug-iphonesimulator/Echo.app/SystemExtensions --scan-folder /Users/logansu/Documents/Dev/SwiftProjects/Echo/DerivedData/Build/Products/Debug-iphonesimulator/Echo.app/Extensions --platform iphonesimulator --toolchain /Applications/Xcode.app/Contents/Developer/Toolchains/XcodeDefault.xctoolchain --destination /Users/logansu/Documents/Dev/SwiftProjects/Echo/DerivedData/Build/Products/Debug-iphonesimulator/Echo.app/Frameworks --strip-bitcode --strip-bitcode-tool /Applications/Xcode.app/Contents/Developer/Toolchains/XcodeDefault.xctoolchain/usr/bin/bitcode_strip --emit-dependency-info /Users/logansu/Documents/Dev/SwiftProjects/Echo/DerivedData/Build/Intermediates.noindex/Echo.build/Debug-iphonesimulator/Echo.build/SwiftStdLibToolInputDependencies.dep --filter-for-swift-os

ExtractAppIntentsMetadata (in target 'Echo' from project 'Echo')
    cd /Users/logansu/Documents/Dev/SwiftProjects/Echo
    /Applications/Xcode.app/Contents/Developer/Toolchains/XcodeDefault.xctoolchain/usr/bin/appintentsmetadataprocessor --toolchain-dir /Applications/Xcode.app/Contents/Developer/Toolchains/XcodeDefault.xctoolchain --module-name Echo --sdk-root /Applications/Xcode.app/Contents/Developer/Platforms/iPhoneSimulator.platform/Developer/SDKs/iPhoneSimulator26.5.sdk --xcode-version 17F42 --platform-family iOS --deployment-target 18.0 --bundle-identifier com.echo.Echo --output /Users/logansu/Documents/Dev/SwiftProjects/Echo/DerivedData/Build/Products/Debug-iphonesimulator/Echo.app --target-triple arm64-apple-ios18.0-simulator --binary-file /Users/logansu/Documents/Dev/SwiftProjects/Echo/DerivedData/Build/Products/Debug-iphonesimulator/Echo.app/Echo --dependency-file /Users/logansu/Documents/Dev/SwiftProjects/Echo/DerivedData/Build/Intermediates.noindex/Echo.build/Debug-iphonesimulator/Echo.build/Objects-normal/arm64/Echo_dependency_info.dat --stringsdata-file /Users/logansu/Documents/Dev/SwiftProjects/Echo/DerivedData/Build/Intermediates.noindex/Echo.build/Debug-iphonesimulator/Echo.build/Objects-normal/arm64/ExtractedAppShortcutsMetadata.stringsdata --source-file-list /Users/logansu/Documents/Dev/SwiftProjects/Echo/DerivedData/Build/Intermediates.noindex/Echo.build/Debug-iphonesimulator/Echo.build/Objects-normal/arm64/Echo.SwiftFileList --metadata-file-list /Users/logansu/Documents/Dev/SwiftProjects/Echo/DerivedData/Build/Intermediates.noindex/Echo.build/Debug-iphonesimulator/Echo.build/Echo.DependencyMetadataFileList --static-metadata-file-list /Users/logansu/Documents/Dev/SwiftProjects/Echo/DerivedData/Build/Intermediates.noindex/Echo.build/Debug-iphonesimulator/Echo.build/Echo.DependencyStaticMetadataFileList --swift-const-vals-list /Users/logansu/Documents/Dev/SwiftProjects/Echo/DerivedData/Build/Intermediates.noindex/Echo.build/Debug-iphonesimulator/Echo.build/Objects-normal/arm64/Echo.SwiftConstValuesFileList --compile-time-extraction --deployment-aware-processing --validate-assistant-intents --no-app-shortcuts-localization
2026-08-02 14:55:38.050 appintentsmetadataprocessor[17604:68810062] Starting appintentsmetadataprocessor export
2026-08-02 14:55:38.054 appintentsmetadataprocessor[17604:68810062] warning: Metadata extraction skipped. No AppIntents.framework dependency found.

AppIntentsSSUTraining (in target 'Echo' from project 'Echo')
    cd /Users/logansu/Documents/Dev/SwiftProjects/Echo
    /Applications/Xcode.app/Contents/Developer/Toolchains/XcodeDefault.xctoolchain/usr/bin/appintentsnltrainingprocessor --infoplist-path /Users/logansu/Documents/Dev/SwiftProjects/Echo/DerivedData/Build/Products/Debug-iphonesimulator/Echo.app/Info.plist --temp-dir-path /Users/logansu/Documents/Dev/SwiftProjects/Echo/DerivedData/Build/Intermediates.noindex/Echo.build/Debug-iphonesimulator/Echo.build/ssu --bundle-id com.echo.Echo --product-path /Users/logansu/Documents/Dev/SwiftProjects/Echo/DerivedData/Build/Products/Debug-iphonesimulator/Echo.app --extracted-metadata-path /Users/logansu/Documents/Dev/SwiftProjects/Echo/DerivedData/Build/Products/Debug-iphonesimulator/Echo.app/Metadata.appintents --metadata-file-list /Users/logansu/Documents/Dev/SwiftProjects/Echo/DerivedData/Build/Intermediates.noindex/Echo.build/Debug-iphonesimulator/Echo.build/Echo.DependencyMetadataFileList --source-file /Users/logansu/Documents/Dev/SwiftProjects/Echo/DerivedData/Build/Products/Debug-iphonesimulator/Echo.app/Info.plist --archive-ssu-assets
2026-08-02 14:55:38.074 appintentsnltrainingprocessor[17607:68810070] Parsing options for appintentsnltrainingprocessor
2026-08-02 14:55:38.075 appintentsnltrainingprocessor[17607:68810070] Starting AppIntents SSU YAML Generation
2026-08-02 14:55:38.076 appintentsnltrainingprocessor[17607:68810070] No AppShortcuts found - Skipping.

CodeSign /Users/logansu/Documents/Dev/SwiftProjects/Echo/DerivedData/Build/Products/Debug-iphonesimulator/Echo.app/Echo.debug.dylib (in target 'Echo' from project 'Echo')
    cd /Users/logansu/Documents/Dev/SwiftProjects/Echo
    
    Signing Identity:     "Sign to Run Locally"
    
    /usr/bin/codesign --force --sign - --timestamp\=none --generate-entitlement-der /Users/logansu/Documents/Dev/SwiftProjects/Echo/DerivedData/Build/Products/Debug-iphonesimulator/Echo.app/Echo.debug.dylib

CodeSign /Users/logansu/Documents/Dev/SwiftProjects/Echo/DerivedData/Build/Products/Debug-iphonesimulator/Echo.app/__preview.dylib (in target 'Echo' from project 'Echo')
    cd /Users/logansu/Documents/Dev/SwiftProjects/Echo
    
    Signing Identity:     "Sign to Run Locally"
    
    /usr/bin/codesign --force --sign - --timestamp\=none --generate-entitlement-der /Users/logansu/Documents/Dev/SwiftProjects/Echo/DerivedData/Build/Products/Debug-iphonesimulator/Echo.app/__preview.dylib
/Users/logansu/Documents/Dev/SwiftProjects/Echo/DerivedData/Build/Products/Debug-iphonesimulator/Echo.app/__preview.dylib: replacing existing signature

CodeSign /Users/logansu/Documents/Dev/SwiftProjects/Echo/DerivedData/Build/Products/Debug-iphonesimulator/Echo.app (in target 'Echo' from project 'Echo')
    cd /Users/logansu/Documents/Dev/SwiftProjects/Echo
    
    Signing Identity:     "Sign to Run Locally"
    
    /usr/bin/codesign --force --sign - --timestamp\=none --generate-entitlement-der /Users/logansu/Documents/Dev/SwiftProjects/Echo/DerivedData/Build/Products/Debug-iphonesimulator/Echo.app

Validate /Users/logansu/Documents/Dev/SwiftProjects/Echo/DerivedData/Build/Products/Debug-iphonesimulator/Echo.app (in target 'Echo' from project 'Echo')
    cd /Users/logansu/Documents/Dev/SwiftProjects/Echo
    builtin-validationUtility /Users/logansu/Documents/Dev/SwiftProjects/Echo/DerivedData/Build/Products/Debug-iphonesimulator/Echo.app -shallow-bundle -infoplist-subpath Info.plist

note: Removed stale file '/Users/logansu/Documents/Dev/SwiftProjects/Echo/DerivedData/Build/Products/Debug-iphonesimulator/Echo.app/Frameworks'

note: Removed stale file '/Users/logansu/Documents/Dev/SwiftProjects/Echo/DerivedData/Build/Products/Debug-iphonesimulator/Echo.app/PlugIns'

** BUILD SUCCEEDED **

